[INFO] Scanning for projects...
[INFO] 
[INFO] ----------------< com.kawser:clean-spring-boot-project >----------------
[INFO] Building clean-spring-boot-project 0.0.1-SNAPSHOT
[INFO]   from pom.xml
[INFO] --------------------------------[ jar ]---------------------------------
[INFO] 
[INFO] >>> spring-boot:3.2.5:run (default-cli) > test-compile @ clean-spring-boot-project >>>
[INFO] 
[INFO] --- resources:3.3.1:resources (default-resources) @ clean-spring-boot-project ---
[INFO] Copying 1 resource from src\main\resources to target\classes
[INFO] Copying 8 resources from src\main\resources to target\classes
[INFO] 
[INFO] --- compiler:3.11.0:compile (default-compile) @ clean-spring-boot-project ---
[INFO] Nothing to compile - all classes are up to date
[INFO] 
[INFO] --- resources:3.3.1:testResources (default-testResources) @ clean-spring-boot-project ---
[INFO] Copying 1 resource from src\test\resources to target\test-classes
[INFO] 
[INFO] --- compiler:3.11.0:testCompile (default-testCompile) @ clean-spring-boot-project ---
[INFO] Nothing to compile - all classes are up to date
[INFO] 
[INFO] <<< spring-boot:3.2.5:run (default-cli) < test-compile @ clean-spring-boot-project <<<
[INFO] 
[INFO] 
[INFO] --- spring-boot:3.2.5:run (default-cli) @ clean-spring-boot-project ---
[INFO] Attaching agents: []
SLF4J(W): No SLF4J providers were found.
SLF4J(W): Defaulting to no-operation (NOP) logger implementation
SLF4J(W): See https://www.slf4j.org/codes.html#noProviders for further details.
SLF4J(W): Class path contains SLF4J bindings targeting slf4j-api versions 1.7.x or earlier.
SLF4J(W): Ignoring binding found at [jar:file:/C:/Users/vdort/.m2/repository/org/apache/logging/log4j/log4j-slf4j-impl/2.23.1/log4j-slf4j-impl-2.23.1.jar!/org/slf4j/impl/StaticLoggerBinder.class]
SLF4J(W): See https://www.slf4j.org/codes.html#ignoredBindings for an explanation.

  .   ____          _            __ _ _
 /\\ / ___'_ __ _ _(_)_ __  __ _ \ \ \ \
( ( )\___ | '_ | '_| | '_ \/ _` | \ \ \ \
 \\/  ___)| |_)| | | | | || (_| |  ) ) ) )
  '  |____| .__|_| |_|_| |_\__, | / / / /
 =========|_|==============|___/=/_/_/_/
 :: Spring Boot ::                (v3.2.5)

2026-07-30T14:30:25.633+01:00  INFO 29996 --- [human-or-ai] [  restartedMain] c.k.c.CleanSpringBootProjectApplication  : Starting CleanSpringBootProjectApplication using Java 21.0.10 with PID 29996 (C:\Users\vdort\Desktop\proyecto\guessTheAI\backend\target\classes started by vdort in C:\Users\vdort\Desktop\proyecto\guessTheAI\backend)
2026-07-30T14:30:25.635+01:00  INFO 29996 --- [human-or-ai] [  restartedMain] c.k.c.CleanSpringBootProjectApplication  : No active profile set, falling back to 1 default profile: "default"
2026-07-30T14:30:25.681+01:00  INFO 29996 --- [human-or-ai] [  restartedMain] .e.DevToolsPropertyDefaultsPostProcessor : Devtools property defaults active! Set 'spring.devtools.add-properties' to 'false' to disable
2026-07-30T14:30:25.682+01:00  INFO 29996 --- [human-or-ai] [  restartedMain] .e.DevToolsPropertyDefaultsPostProcessor : For additional web related logging consider setting the 'logging.level.web' property to 'DEBUG'
2026-07-30T14:30:26.947+01:00  INFO 29996 --- [human-or-ai] [  restartedMain] o.s.b.w.e.t.TomcatWebServer              : Tomcat initialized with port 8080 (http)
jul 30, 2026 2:30:26 P. M. org.apache.coyote.AbstractProtocol init
INFO: Initializing ProtocolHandler ["http-nio-8080"]
jul 30, 2026 2:30:26 P. M. org.apache.catalina.core.StandardService startInternal
INFO: Starting service [Tomcat]
jul 30, 2026 2:30:26 P. M. org.apache.catalina.core.StandardEngine startInternal
INFO: Starting Servlet engine: [Apache Tomcat/10.1.20]
jul 30, 2026 2:30:27 P. M. org.apache.catalina.core.ApplicationContext log
INFO: Initializing Spring embedded WebApplicationContext
2026-07-30T14:30:27.004+01:00  INFO 29996 --- [human-or-ai] [  restartedMain] w.s.c.ServletWebServerApplicationContext : Root WebApplicationContext: initialization completed in 1321 ms
2026-07-30T14:30:27.984+01:00  INFO 29996 --- [human-or-ai] [  restartedMain] o.s.b.d.a.OptionalLiveReloadServer       : LiveReload server is running on port 35729
2026-07-30T14:30:27.993+01:00  INFO 29996 --- [human-or-ai] [  restartedMain] o.s.b.a.e.w.EndpointLinksResolver        : Exposing 1 endpoint(s) beneath base path '/actuator'
jul 30, 2026 2:30:28 P. M. org.apache.coyote.AbstractProtocol start
INFO: Starting ProtocolHandler ["http-nio-8080"]
2026-07-30T14:30:28.043+01:00  INFO 29996 --- [human-or-ai] [  restartedMain] o.s.b.w.e.t.TomcatWebServer              : Tomcat started on port 8080 (http) with context path ''
2026-07-30T14:30:28.060+01:00  INFO 29996 --- [human-or-ai] [  restartedMain] o.s.m.s.b.SimpleBrokerMessageHandler     : Starting...
2026-07-30T14:30:28.061+01:00  INFO 29996 --- [human-or-ai] [  restartedMain] o.s.m.s.b.SimpleBrokerMessageHandler     : BrokerAvailabilityEvent[available=true, SimpleBrokerMessageHandler [org.springframework.messaging.simp.broker.DefaultSubscriptionRegistry@46719830]]
2026-07-30T14:30:28.062+01:00  INFO 29996 --- [human-or-ai] [  restartedMain] o.s.m.s.b.SimpleBrokerMessageHandler     : Started.
2026-07-30T14:30:28.075+01:00  INFO 29996 --- [human-or-ai] [  restartedMain] c.k.c.CleanSpringBootProjectApplication  : Started CleanSpringBootProjectApplication in 2.812 seconds (process running for 3.487)
jul 30, 2026 2:31:02 P. M. org.apache.catalina.core.ApplicationContext log
INFO: Initializing Spring DispatcherServlet 'dispatcherServlet'
2026-07-30T14:31:02.610+01:00  INFO 29996 --- [human-or-ai] [nio-8080-exec-1] o.s.w.s.DispatcherServlet                : Initializing Servlet 'dispatcherServlet'
2026-07-30T14:31:02.611+01:00  INFO 29996 --- [human-or-ai] [nio-8080-exec-1] o.s.w.s.DispatcherServlet                : Completed initialization in 1 ms
2026-07-30T14:57:15.510+01:00  INFO 29996 --- [human-or-ai] [MessageBroker-1] o.s.w.s.c.WebSocketMessageBrokerStats    : WebSocketSession[0 current WS(0)-HttpStream(0)-HttpPoll(0), 0 total, 0 closed abnormally (0 connect failure, 0 send limit, 0 transport error)], stompSubProtocol[processed CONNECT(0)-CONNECTED(0)-DISCONNECT(0)], stompBrokerRelay[null], inboundChannel[pool size = 0, active threads = 0, queued tasks = 0, completed tasks = 0], outboundChannel[pool size = 0, active threads = 0, queued tasks = 0, completed tasks = 0], sockJsScheduler[pool size = 1, active threads = 1, queued tasks = 0, completed tasks = 0]
2026-07-30T15:27:15.526+01:00  INFO 29996 --- [human-or-ai] [MessageBroker-4] o.s.w.s.c.WebSocketMessageBrokerStats    : WebSocketSession[1 current WS(1)-HttpStream(0)-HttpPoll(0), 25 total, 0 closed abnormally (0 connect failure, 0 send limit, 3 transport error)], stompSubProtocol[processed CONNECT(25)-CONNECTED(6)-DISCONNECT(2)], stompBrokerRelay[null], inboundChannel[pool size = 32, active threads = 0, queued tasks = 0, completed tasks = 2361], outboundChannel[pool size = 27, active threads = 0, queued tasks = 0, completed tasks = 1050], sockJsScheduler[pool size = 16, active threads = 1, queued tasks = 2, completed tasks = 323]
2026-07-30T16:59:55.369+01:00  INFO 29996 --- [human-or-ai] [essageBroker-14] o.s.w.s.c.WebSocketMessageBrokerStats    : WebSocketSession[1 current WS(1)-HttpStream(0)-HttpPoll(0), 26 total, 0 closed abnormally (0 connect failure, 0 send limit, 4 transport error)], stompSubProtocol[processed CONNECT(26)-CONNECTED(7)-DISCONNECT(2)], stompBrokerRelay[null], inboundChannel[pool size = 3, active threads = 0, queued tasks = 0, completed tasks = 2667], outboundChannel[pool size = 2, active threads = 0, queued tasks = 0, completed tasks = 1151], sockJsScheduler[pool size = 16, active threads = 3, queued tasks = 0, completed tasks = 452]
2026-07-30T17:03:27.682+01:00  WARN 29996 --- [human-or-ai] [nio-8080-exec-9] .m.m.a.ExceptionHandlerExceptionResolver : Resolved [com.kawser.cleanspringbootproject.game.domain.exception.RoomNotJoinableException: Room P2X4QG is not accepting new players]
2026-07-30T17:10:06.380+01:00  INFO 29996 --- [human-or-ai] [   File Watcher] rtingClassPathChangeChangedEventListener : Restarting due to 14 class path changes (0 additions, 0 deletions, 14 modifications)
2026-07-30T17:10:06.380+01:00  INFO 29996 --- [human-or-ai] [       Thread-5] o.s.m.s.b.SimpleBrokerMessageHandler     : Stopping...
2026-07-30T17:10:06.395+01:00  INFO 29996 --- [human-or-ai] [       Thread-5] o.s.m.s.b.SimpleBrokerMessageHandler     : BrokerAvailabilityEvent[available=false, SimpleBrokerMessageHandler [org.springframework.messaging.simp.broker.DefaultSubscriptionRegistry@46719830]]
2026-07-30T17:10:06.395+01:00  INFO 29996 --- [human-or-ai] [       Thread-5] o.s.m.s.b.SimpleBrokerMessageHandler     : Stopped.
jul 30, 2026 5:10:06 P. M. org.apache.coyote.AbstractProtocol stop
INFO: Stopping ProtocolHandler ["http-nio-8080"]
jul 30, 2026 5:10:06 P. M. org.apache.catalina.core.StandardService stopInternal
INFO: Stopping service [Tomcat]
jul 30, 2026 5:10:06 P. M. org.apache.catalina.core.ApplicationContext log
INFO: Destroying Spring FrameworkServlet 'dispatcherServlet'

  .   ____          _            __ _ _
 /\\ / ___'_ __ _ _(_)_ __  __ _ \ \ \ \
( ( )\___ | '_ | '_| | '_ \/ _` | \ \ \ \
 \\/  ___)| |_)| | | | | || (_| |  ) ) ) )
  '  |____| .__|_| |_|_| |_\__, | / / / /
 =========|_|==============|___/=/_/_/_/
 :: Spring Boot ::                (v3.2.5)

2026-07-30T17:10:06.701+01:00  INFO 29996 --- [human-or-ai] [  restartedMain] c.k.c.CleanSpringBootProjectApplication  : Starting CleanSpringBootProjectApplication using Java 21.0.10 with PID 29996 (C:\Users\vdort\Desktop\proyecto\guessTheAI\backend\target\classes started by vdort in C:\Users\vdort\Desktop\proyecto\guessTheAI\backend)
2026-07-30T17:10:06.703+01:00  INFO 29996 --- [human-or-ai] [  restartedMain] c.k.c.CleanSpringBootProjectApplication  : No active profile set, falling back to 1 default profile: "default"
2026-07-30T17:10:07.742+01:00  INFO 29996 --- [human-or-ai] [  restartedMain] o.s.b.w.e.t.TomcatWebServer              : Tomcat initialized with port 8080 (http)
jul 30, 2026 5:10:07 P. M. org.apache.coyote.AbstractProtocol init
INFO: Initializing ProtocolHandler ["http-nio-8080"]
jul 30, 2026 5:10:07 P. M. org.apache.catalina.core.StandardService startInternal
INFO: Starting service [Tomcat]
jul 30, 2026 5:10:07 P. M. org.apache.catalina.core.StandardEngine startInternal
INFO: Starting Servlet engine: [Apache Tomcat/10.1.20]
jul 30, 2026 5:10:07 P. M. org.apache.catalina.core.ApplicationContext log
INFO: Initializing Spring embedded WebApplicationContext
2026-07-30T17:10:07.789+01:00  INFO 29996 --- [human-or-ai] [  restartedMain] w.s.c.ServletWebServerApplicationContext : Root WebApplicationContext: initialization completed in 1082 ms
2026-07-30T17:10:08.405+01:00  INFO 29996 --- [human-or-ai] [  restartedMain] o.s.b.d.a.OptionalLiveReloadServer       : LiveReload server is running on port 35729
2026-07-30T17:10:08.417+01:00  INFO 29996 --- [human-or-ai] [  restartedMain] o.s.b.a.e.w.EndpointLinksResolver        : Exposing 1 endpoint(s) beneath base path '/actuator'
jul 30, 2026 5:10:08 P. M. org.apache.coyote.AbstractProtocol start
INFO: Starting ProtocolHandler ["http-nio-8080"]
2026-07-30T17:10:08.445+01:00  INFO 29996 --- [human-or-ai] [  restartedMain] o.s.b.w.e.t.TomcatWebServer              : Tomcat started on port 8080 (http) with context path ''
2026-07-30T17:10:08.446+01:00  INFO 29996 --- [human-or-ai] [  restartedMain] o.s.m.s.b.SimpleBrokerMessageHandler     : Starting...
2026-07-30T17:10:08.447+01:00  INFO 29996 --- [human-or-ai] [  restartedMain] o.s.m.s.b.SimpleBrokerMessageHandler     : BrokerAvailabilityEvent[available=true, SimpleBrokerMessageHandler [org.springframework.messaging.simp.broker.DefaultSubscriptionRegistry@78b497e]]
2026-07-30T17:10:08.448+01:00  INFO 29996 --- [human-or-ai] [  restartedMain] o.s.m.s.b.SimpleBrokerMessageHandler     : Started.
2026-07-30T17:10:08.454+01:00  INFO 29996 --- [human-or-ai] [  restartedMain] c.k.c.CleanSpringBootProjectApplication  : Started CleanSpringBootProjectApplication in 1.88 seconds (process running for 9583.867)
2026-07-30T17:10:08.457+01:00  INFO 29996 --- [human-or-ai] [  restartedMain] .ConditionEvaluationDeltaLoggingListener : Condition evaluation unchanged
2026-07-30T17:10:11.040+01:00  INFO 29996 --- [human-or-ai] [   File Watcher] rtingClassPathChangeChangedEventListener : Restarting due to 7 class path changes (0 additions, 0 deletions, 7 modifications)
2026-07-30T17:10:11.057+01:00  INFO 29996 --- [human-or-ai] [      Thread-38] o.s.m.s.b.SimpleBrokerMessageHandler     : Stopping...
2026-07-30T17:10:11.057+01:00  INFO 29996 --- [human-or-ai] [      Thread-38] o.s.m.s.b.SimpleBrokerMessageHandler     : BrokerAvailabilityEvent[available=false, SimpleBrokerMessageHandler [org.springframework.messaging.simp.broker.DefaultSubscriptionRegistry@78b497e]]
2026-07-30T17:10:11.071+01:00  INFO 29996 --- [human-or-ai] [      Thread-38] o.s.m.s.b.SimpleBrokerMessageHandler     : Stopped.
jul 30, 2026 5:10:11 P. M. org.apache.coyote.AbstractProtocol stop
INFO: Stopping ProtocolHandler ["http-nio-8080"]
jul 30, 2026 5:10:11 P. M. org.apache.catalina.core.StandardService stopInternal
INFO: Stopping service [Tomcat]

  .   ____          _            __ _ _
 /\\ / ___'_ __ _ _(_)_ __  __ _ \ \ \ \
( ( )\___ | '_ | '_| | '_ \/ _` | \ \ \ \
 \\/  ___)| |_)| | | | | || (_| |  ) ) ) )
  '  |____| .__|_| |_|_| |_\__, | / / / /
 =========|_|==============|___/=/_/_/_/
 :: Spring Boot ::                (v3.2.5)

2026-07-30T17:10:11.523+01:00  INFO 29996 --- [human-or-ai] [  restartedMain] c.k.c.CleanSpringBootProjectApplication  : Starting CleanSpringBootProjectApplication using Java 21.0.10 with PID 29996 (C:\Users\vdort\Desktop\proyecto\guessTheAI\backend\target\classes started by vdort in C:\Users\vdort\Desktop\proyecto\guessTheAI\backend)
2026-07-30T17:10:11.523+01:00  INFO 29996 --- [human-or-ai] [  restartedMain] c.k.c.CleanSpringBootProjectApplication  : No active profile set, falling back to 1 default profile: "default"
2026-07-30T17:10:12.292+01:00  INFO 29996 --- [human-or-ai] [  restartedMain] o.s.b.w.e.t.TomcatWebServer              : Tomcat initialized with port 8080 (http)
jul 30, 2026 5:10:12 P. M. org.apache.coyote.AbstractProtocol init
INFO: Initializing ProtocolHandler ["http-nio-8080"]
jul 30, 2026 5:10:12 P. M. org.apache.catalina.core.StandardService startInternal
INFO: Starting service [Tomcat]
jul 30, 2026 5:10:12 P. M. org.apache.catalina.core.StandardEngine startInternal
INFO: Starting Servlet engine: [Apache Tomcat/10.1.20]
jul 30, 2026 5:10:12 P. M. org.apache.catalina.core.ApplicationContext log
INFO: Initializing Spring embedded WebApplicationContext
2026-07-30T17:10:12.470+01:00  INFO 29996 --- [human-or-ai] [  restartedMain] w.s.c.ServletWebServerApplicationContext : Root WebApplicationContext: initialization completed in 942 ms
2026-07-30T17:10:13.132+01:00  INFO 29996 --- [human-or-ai] [  restartedMain] o.s.b.d.a.OptionalLiveReloadServer       : LiveReload server is running on port 35729
2026-07-30T17:10:13.165+01:00  INFO 29996 --- [human-or-ai] [  restartedMain] o.s.b.a.e.w.EndpointLinksResolver        : Exposing 1 endpoint(s) beneath base path '/actuator'
jul 30, 2026 5:10:13 P. M. org.apache.coyote.AbstractProtocol start
INFO: Starting ProtocolHandler ["http-nio-8080"]
2026-07-30T17:10:13.306+01:00  INFO 29996 --- [human-or-ai] [  restartedMain] o.s.b.w.e.t.TomcatWebServer              : Tomcat started on port 8080 (http) with context path ''
2026-07-30T17:10:13.309+01:00  INFO 29996 --- [human-or-ai] [  restartedMain] o.s.m.s.b.SimpleBrokerMessageHandler     : Starting...
2026-07-30T17:10:13.309+01:00  INFO 29996 --- [human-or-ai] [  restartedMain] o.s.m.s.b.SimpleBrokerMessageHandler     : BrokerAvailabilityEvent[available=true, SimpleBrokerMessageHandler [org.springframework.messaging.simp.broker.DefaultSubscriptionRegistry@2bcf63c4]]
2026-07-30T17:10:13.309+01:00  INFO 29996 --- [human-or-ai] [  restartedMain] o.s.m.s.b.SimpleBrokerMessageHandler     : Started.
2026-07-30T17:10:13.330+01:00  INFO 29996 --- [human-or-ai] [  restartedMain] c.k.c.CleanSpringBootProjectApplication  : Started CleanSpringBootProjectApplication in 2.077 seconds (process running for 9588.744)
2026-07-30T17:10:13.355+01:00  INFO 29996 --- [human-or-ai] [  restartedMain] .ConditionEvaluationDeltaLoggingListener : Condition evaluation unchanged
2026-07-30T17:10:16.872+01:00  INFO 29996 --- [human-or-ai] [   File Watcher] rtingClassPathChangeChangedEventListener : Restarting due to 7 class path changes (0 additions, 0 deletions, 7 modifications)
2026-07-30T17:10:16.912+01:00  INFO 29996 --- [human-or-ai] [      Thread-42] o.s.m.s.b.SimpleBrokerMessageHandler     : Stopping...
2026-07-30T17:10:16.964+01:00  INFO 29996 --- [human-or-ai] [      Thread-42] o.s.m.s.b.SimpleBrokerMessageHandler     : BrokerAvailabilityEvent[available=false, SimpleBrokerMessageHandler [org.springframework.messaging.simp.broker.DefaultSubscriptionRegistry@2bcf63c4]]
2026-07-30T17:10:17.080+01:00  INFO 29996 --- [human-or-ai] [      Thread-42] o.s.m.s.b.SimpleBrokerMessageHandler     : Stopped.
jul 30, 2026 5:10:17 P. M. org.apache.coyote.AbstractProtocol stop
INFO: Stopping ProtocolHandler ["http-nio-8080"]
jul 30, 2026 5:10:17 P. M. org.apache.catalina.core.StandardService stopInternal
INFO: Stopping service [Tomcat]

  .   ____          _            __ _ _
 /\\ / ___'_ __ _ _(_)_ __  __ _ \ \ \ \
( ( )\___ | '_ | '_| | '_ \/ _` | \ \ \ \
 \\/  ___)| |_)| | | | | || (_| |  ) ) ) )
  '  |____| .__|_| |_|_| |_\__, | / / / /
 =========|_|==============|___/=/_/_/_/
 :: Spring Boot ::                (v3.2.5)

2026-07-30T17:10:17.591+01:00  INFO 29996 --- [human-or-ai] [  restartedMain] c.k.c.CleanSpringBootProjectApplication  : Starting CleanSpringBootProjectApplication using Java 21.0.10 with PID 29996 (C:\Users\vdort\Desktop\proyecto\guessTheAI\backend\target\classes started by vdort in C:\Users\vdort\Desktop\proyecto\guessTheAI\backend)
2026-07-30T17:10:17.596+01:00  INFO 29996 --- [human-or-ai] [  restartedMain] c.k.c.CleanSpringBootProjectApplication  : No active profile set, falling back to 1 default profile: "default"
2026-07-30T17:10:18.365+01:00  INFO 29996 --- [human-or-ai] [  restartedMain] o.s.b.w.e.t.TomcatWebServer              : Tomcat initialized with port 8080 (http)
jul 30, 2026 5:10:18 P. M. org.apache.coyote.AbstractProtocol init
INFO: Initializing ProtocolHandler ["http-nio-8080"]
jul 30, 2026 5:10:18 P. M. org.apache.catalina.core.StandardService startInternal
INFO: Starting service [Tomcat]
jul 30, 2026 5:10:18 P. M. org.apache.catalina.core.StandardEngine startInternal
INFO: Starting Servlet engine: [Apache Tomcat/10.1.20]
jul 30, 2026 5:10:18 P. M. org.apache.catalina.core.ApplicationContext log
INFO: Initializing Spring embedded WebApplicationContext
2026-07-30T17:10:18.414+01:00  INFO 29996 --- [human-or-ai] [  restartedMain] w.s.c.ServletWebServerApplicationContext : Root WebApplicationContext: initialization completed in 813 ms
2026-07-30T17:10:19.000+01:00  INFO 29996 --- [human-or-ai] [  restartedMain] o.s.b.d.a.OptionalLiveReloadServer       : LiveReload server is running on port 35729
2026-07-30T17:10:19.012+01:00  INFO 29996 --- [human-or-ai] [  restartedMain] o.s.b.a.e.w.EndpointLinksResolver        : Exposing 1 endpoint(s) beneath base path '/actuator'
jul 30, 2026 5:10:19 P. M. org.apache.coyote.AbstractProtocol start
INFO: Starting ProtocolHandler ["http-nio-8080"]
2026-07-30T17:10:19.050+01:00  INFO 29996 --- [human-or-ai] [  restartedMain] o.s.b.w.e.t.TomcatWebServer              : Tomcat started on port 8080 (http) with context path ''
2026-07-30T17:10:19.050+01:00  INFO 29996 --- [human-or-ai] [  restartedMain] o.s.m.s.b.SimpleBrokerMessageHandler     : Starting...
2026-07-30T17:10:19.050+01:00  INFO 29996 --- [human-or-ai] [  restartedMain] o.s.m.s.b.SimpleBrokerMessageHandler     : BrokerAvailabilityEvent[available=true, SimpleBrokerMessageHandler [org.springframework.messaging.simp.broker.DefaultSubscriptionRegistry@5e0b3502]]
2026-07-30T17:10:19.050+01:00  INFO 29996 --- [human-or-ai] [  restartedMain] o.s.m.s.b.SimpleBrokerMessageHandler     : Started.
2026-07-30T17:10:19.065+01:00  INFO 29996 --- [human-or-ai] [  restartedMain] c.k.c.CleanSpringBootProjectApplication  : Started CleanSpringBootProjectApplication in 1.631 seconds (process running for 9594.478)
2026-07-30T17:10:19.067+01:00  INFO 29996 --- [human-or-ai] [  restartedMain] .ConditionEvaluationDeltaLoggingListener : Condition evaluation unchanged
jul 30, 2026 5:10:56 P. M. org.apache.catalina.core.ApplicationContext log
INFO: Initializing Spring DispatcherServlet 'dispatcherServlet'
2026-07-30T17:10:56.415+01:00  INFO 29996 --- [human-or-ai] [nio-8080-exec-1] o.s.w.s.DispatcherServlet                : Initializing Servlet 'dispatcherServlet'
2026-07-30T17:10:56.415+01:00  INFO 29996 --- [human-or-ai] [nio-8080-exec-1] o.s.w.s.DispatcherServlet                : Completed initialization in 0 ms
2026-07-30T17:11:19.054+01:00  INFO 29996 --- [human-or-ai] [MessageBroker-8] o.s.w.s.c.WebSocketMessageBrokerStats    : WebSocketSession[1 current WS(1)-HttpStream(0)-HttpPoll(0), 1 total, 0 closed abnormally (0 connect failure, 0 send limit, 0 transport error)], stompSubProtocol[processed CONNECT(1)-CONNECTED(1)-DISCONNECT(0)], stompBrokerRelay[null], inboundChannel[pool size = 32, active threads = 0, queued tasks = 0, completed tasks = 111], outboundChannel[pool size = 32, active threads = 0, queued tasks = 0, completed tasks = 35], sockJsScheduler[pool size = 16, active threads = 1, queued tasks = 2, completed tasks = 5]
2026-07-30T17:41:19.064+01:00  INFO 29996 --- [human-or-ai] [essageBroker-12] o.s.w.s.c.WebSocketMessageBrokerStats    : WebSocketSession[0 current WS(0)-HttpStream(0)-HttpPoll(0), 9 total, 0 closed abnormally (0 connect failure, 0 send limit, 0 transport error)], stompSubProtocol[processed CONNECT(9)-CONNECTED(9)-DISCONNECT(9)], stompBrokerRelay[null], inboundChannel[pool size = 0, active threads = 0, queued tasks = 0, completed tasks = 279], outboundChannel[pool size = 0, active threads = 0, queued tasks = 0, completed tasks = 69], sockJsScheduler[pool size = 16, active threads = 1, queued tasks = 1, completed tasks = 368]
2026-07-30T17:56:07.626+01:00  INFO 29996 --- [human-or-ai] [   File Watcher] rtingClassPathChangeChangedEventListener : Restarting due to 6 class path changes (0 additions, 0 deletions, 6 modifications)
2026-07-30T17:56:07.630+01:00  INFO 29996 --- [human-or-ai] [      Thread-46] o.s.m.s.b.SimpleBrokerMessageHandler     : Stopping...
2026-07-30T17:56:07.630+01:00  INFO 29996 --- [human-or-ai] [      Thread-46] o.s.m.s.b.SimpleBrokerMessageHandler     : BrokerAvailabilityEvent[available=false, SimpleBrokerMessageHandler [org.springframework.messaging.simp.broker.DefaultSubscriptionRegistry@5e0b3502]]
2026-07-30T17:56:07.631+01:00  INFO 29996 --- [human-or-ai] [      Thread-46] o.s.m.s.b.SimpleBrokerMessageHandler     : Stopped.
jul 30, 2026 5:56:07 P. M. org.apache.coyote.AbstractProtocol stop
INFO: Stopping ProtocolHandler ["http-nio-8080"]
jul 30, 2026 5:56:07 P. M. org.apache.catalina.core.StandardService stopInternal
INFO: Stopping service [Tomcat]
jul 30, 2026 5:56:07 P. M. org.apache.catalina.core.ApplicationContext log
INFO: Destroying Spring FrameworkServlet 'dispatcherServlet'

  .   ____          _            __ _ _
 /\\ / ___'_ __ _ _(_)_ __  __ _ \ \ \ \
( ( )\___ | '_ | '_| | '_ \/ _` | \ \ \ \
 \\/  ___)| |_)| | | | | || (_| |  ) ) ) )
  '  |____| .__|_| |_|_| |_\__, | / / / /
 =========|_|==============|___/=/_/_/_/
 :: Spring Boot ::                (v3.2.5)

2026-07-30T17:56:07.787+01:00  INFO 29996 --- [human-or-ai] [  restartedMain] c.k.c.CleanSpringBootProjectApplication  : Starting CleanSpringBootProjectApplication using Java 21.0.10 with PID 29996 (C:\Users\vdort\Desktop\proyecto\guessTheAI\backend\target\classes started by vdort in C:\Users\vdort\Desktop\proyecto\guessTheAI\backend)
2026-07-30T17:56:07.788+01:00  INFO 29996 --- [human-or-ai] [  restartedMain] c.k.c.CleanSpringBootProjectApplication  : No active profile set, falling back to 1 default profile: "default"
2026-07-30T17:56:08.340+01:00  INFO 29996 --- [human-or-ai] [  restartedMain] o.s.b.w.e.t.TomcatWebServer              : Tomcat initialized with port 8080 (http)
jul 30, 2026 5:56:08 P. M. org.apache.coyote.AbstractProtocol init
INFO: Initializing ProtocolHandler ["http-nio-8080"]
jul 30, 2026 5:56:08 P. M. org.apache.catalina.core.StandardService startInternal
INFO: Starting service [Tomcat]
jul 30, 2026 5:56:08 P. M. org.apache.catalina.core.StandardEngine startInternal
INFO: Starting Servlet engine: [Apache Tomcat/10.1.20]
jul 30, 2026 5:56:08 P. M. org.apache.catalina.core.ApplicationContext log
INFO: Initializing Spring embedded WebApplicationContext
2026-07-30T17:56:08.362+01:00  INFO 29996 --- [human-or-ai] [  restartedMain] w.s.c.ServletWebServerApplicationContext : Root WebApplicationContext: initialization completed in 572 ms
2026-07-30T17:56:08.720+01:00  INFO 29996 --- [human-or-ai] [  restartedMain] o.s.b.d.a.OptionalLiveReloadServer       : LiveReload server is running on port 35729
2026-07-30T17:56:08.737+01:00  INFO 29996 --- [human-or-ai] [  restartedMain] o.s.b.a.e.w.EndpointLinksResolver        : Exposing 1 endpoint(s) beneath base path '/actuator'
jul 30, 2026 5:56:08 P. M. org.apache.coyote.AbstractProtocol start
INFO: Starting ProtocolHandler ["http-nio-8080"]
2026-07-30T17:56:08.755+01:00  INFO 29996 --- [human-or-ai] [  restartedMain] o.s.b.w.e.t.TomcatWebServer              : Tomcat started on port 8080 (http) with context path ''
2026-07-30T17:56:08.755+01:00  INFO 29996 --- [human-or-ai] [  restartedMain] o.s.m.s.b.SimpleBrokerMessageHandler     : Starting...
2026-07-30T17:56:08.755+01:00  INFO 29996 --- [human-or-ai] [  restartedMain] o.s.m.s.b.SimpleBrokerMessageHandler     : BrokerAvailabilityEvent[available=true, SimpleBrokerMessageHandler [org.springframework.messaging.simp.broker.DefaultSubscriptionRegistry@2db50d22]]
2026-07-30T17:56:08.755+01:00  INFO 29996 --- [human-or-ai] [  restartedMain] o.s.m.s.b.SimpleBrokerMessageHandler     : Started.
2026-07-30T17:56:08.774+01:00  INFO 29996 --- [human-or-ai] [  restartedMain] c.k.c.CleanSpringBootProjectApplication  : Started CleanSpringBootProjectApplication in 1.041 seconds (process running for 12344.188)
2026-07-30T17:56:08.776+01:00  INFO 29996 --- [human-or-ai] [  restartedMain] .ConditionEvaluationDeltaLoggingListener : Condition evaluation unchanged
2026-07-30T17:56:11.234+01:00  INFO 29996 --- [human-or-ai] [   File Watcher] rtingClassPathChangeChangedEventListener : Restarting due to 1 class path change (0 additions, 0 deletions, 1 modification)
2026-07-30T17:56:11.237+01:00  INFO 29996 --- [human-or-ai] [      Thread-59] o.s.m.s.b.SimpleBrokerMessageHandler     : Stopping...
2026-07-30T17:56:11.237+01:00  INFO 29996 --- [human-or-ai] [      Thread-59] o.s.m.s.b.SimpleBrokerMessageHandler     : BrokerAvailabilityEvent[available=false, SimpleBrokerMessageHandler [org.springframework.messaging.simp.broker.DefaultSubscriptionRegistry@2db50d22]]
2026-07-30T17:56:11.238+01:00  INFO 29996 --- [human-or-ai] [      Thread-59] o.s.m.s.b.SimpleBrokerMessageHandler     : Stopped.
jul 30, 2026 5:56:11 P. M. org.apache.coyote.AbstractProtocol stop
INFO: Stopping ProtocolHandler ["http-nio-8080"]
jul 30, 2026 5:56:11 P. M. org.apache.catalina.core.StandardService stopInternal
INFO: Stopping service [Tomcat]

  .   ____          _            __ _ _
 /\\ / ___'_ __ _ _(_)_ __  __ _ \ \ \ \
( ( )\___ | '_ | '_| | '_ \/ _` | \ \ \ \
 \\/  ___)| |_)| | | | | || (_| |  ) ) ) )
  '  |____| .__|_| |_|_| |_\__, | / / / /
 =========|_|==============|___/=/_/_/_/
 :: Spring Boot ::                (v3.2.5)

2026-07-30T17:56:11.318+01:00  INFO 29996 --- [human-or-ai] [  restartedMain] c.k.c.CleanSpringBootProjectApplication  : Starting CleanSpringBootProjectApplication using Java 21.0.10 with PID 29996 (C:\Users\vdort\Desktop\proyecto\guessTheAI\backend\target\classes started by vdort in C:\Users\vdort\Desktop\proyecto\guessTheAI\backend)
2026-07-30T17:56:11.318+01:00  INFO 29996 --- [human-or-ai] [  restartedMain] c.k.c.CleanSpringBootProjectApplication  : No active profile set, falling back to 1 default profile: "default"
2026-07-30T17:56:11.651+01:00  INFO 29996 --- [human-or-ai] [  restartedMain] o.s.b.w.e.t.TomcatWebServer              : Tomcat initialized with port 8080 (http)
jul 30, 2026 5:56:11 P. M. org.apache.coyote.AbstractProtocol init
INFO: Initializing ProtocolHandler ["http-nio-8080"]
jul 30, 2026 5:56:11 P. M. org.apache.catalina.core.StandardService startInternal
INFO: Starting service [Tomcat]
jul 30, 2026 5:56:11 P. M. org.apache.catalina.core.StandardEngine startInternal
INFO: Starting Servlet engine: [Apache Tomcat/10.1.20]
jul 30, 2026 5:56:11 P. M. org.apache.catalina.core.ApplicationContext log
INFO: Initializing Spring embedded WebApplicationContext
2026-07-30T17:56:11.658+01:00  INFO 29996 --- [human-or-ai] [  restartedMain] w.s.c.ServletWebServerApplicationContext : Root WebApplicationContext: initialization completed in 340 ms
2026-07-30T17:56:11.895+01:00  INFO 29996 --- [human-or-ai] [  restartedMain] o.s.b.d.a.OptionalLiveReloadServer       : LiveReload server is running on port 35729
2026-07-30T17:56:11.898+01:00  INFO 29996 --- [human-or-ai] [  restartedMain] o.s.b.a.e.w.EndpointLinksResolver        : Exposing 1 endpoint(s) beneath base path '/actuator'
jul 30, 2026 5:56:11 P. M. org.apache.coyote.AbstractProtocol start
INFO: Starting ProtocolHandler ["http-nio-8080"]
2026-07-30T17:56:11.915+01:00  INFO 29996 --- [human-or-ai] [  restartedMain] o.s.b.w.e.t.TomcatWebServer              : Tomcat started on port 8080 (http) with context path ''
2026-07-30T17:56:11.915+01:00  INFO 29996 --- [human-or-ai] [  restartedMain] o.s.m.s.b.SimpleBrokerMessageHandler     : Starting...
2026-07-30T17:56:11.916+01:00  INFO 29996 --- [human-or-ai] [  restartedMain] o.s.m.s.b.SimpleBrokerMessageHandler     : BrokerAvailabilityEvent[available=true, SimpleBrokerMessageHandler [org.springframework.messaging.simp.broker.DefaultSubscriptionRegistry@58685e10]]
2026-07-30T17:56:11.916+01:00  INFO 29996 --- [human-or-ai] [  restartedMain] o.s.m.s.b.SimpleBrokerMessageHandler     : Started.
2026-07-30T17:56:11.919+01:00  INFO 29996 --- [human-or-ai] [  restartedMain] c.k.c.CleanSpringBootProjectApplication  : Started CleanSpringBootProjectApplication in 0.635 seconds (process running for 12347.334)
2026-07-30T17:56:11.919+01:00  INFO 29996 --- [human-or-ai] [  restartedMain] .ConditionEvaluationDeltaLoggingListener : Condition evaluation unchanged
2026-07-30T17:56:44.502+01:00  INFO 29996 --- [human-or-ai] [   File Watcher] rtingClassPathChangeChangedEventListener : Restarting due to 3 class path changes (0 additions, 0 deletions, 3 modifications)
2026-07-30T17:56:44.502+01:00  INFO 29996 --- [human-or-ai] [      Thread-63] o.s.m.s.b.SimpleBrokerMessageHandler     : Stopping...
2026-07-30T17:56:44.502+01:00  INFO 29996 --- [human-or-ai] [      Thread-63] o.s.m.s.b.SimpleBrokerMessageHandler     : BrokerAvailabilityEvent[available=false, SimpleBrokerMessageHandler [org.springframework.messaging.simp.broker.DefaultSubscriptionRegistry@58685e10]]
2026-07-30T17:56:44.502+01:00  INFO 29996 --- [human-or-ai] [      Thread-63] o.s.m.s.b.SimpleBrokerMessageHandler     : Stopped.
jul 30, 2026 5:56:44 P. M. org.apache.coyote.AbstractProtocol stop
INFO: Stopping ProtocolHandler ["http-nio-8080"]
jul 30, 2026 5:56:44 P. M. org.apache.catalina.core.StandardService stopInternal
INFO: Stopping service [Tomcat]

  .   ____          _            __ _ _
 /\\ / ___'_ __ _ _(_)_ __  __ _ \ \ \ \
( ( )\___ | '_ | '_| | '_ \/ _` | \ \ \ \
 \\/  ___)| |_)| | | | | || (_| |  ) ) ) )
  '  |____| .__|_| |_|_| |_\__, | / / / /
 =========|_|==============|___/=/_/_/_/
 :: Spring Boot ::                (v3.2.5)

2026-07-30T17:56:44.578+01:00  INFO 29996 --- [human-or-ai] [  restartedMain] c.k.c.CleanSpringBootProjectApplication  : Starting CleanSpringBootProjectApplication using Java 21.0.10 with PID 29996 (C:\Users\vdort\Desktop\proyecto\guessTheAI\backend\target\classes started by vdort in C:\Users\vdort\Desktop\proyecto\guessTheAI\backend)
2026-07-30T17:56:44.579+01:00  INFO 29996 --- [human-or-ai] [  restartedMain] c.k.c.CleanSpringBootProjectApplication  : No active profile set, falling back to 1 default profile: "default"
2026-07-30T17:56:44.937+01:00  INFO 29996 --- [human-or-ai] [  restartedMain] o.s.b.w.e.t.TomcatWebServer              : Tomcat initialized with port 8080 (http)
jul 30, 2026 5:56:44 P. M. org.apache.coyote.AbstractProtocol init
INFO: Initializing ProtocolHandler ["http-nio-8080"]
jul 30, 2026 5:56:44 P. M. org.apache.catalina.core.StandardService startInternal
INFO: Starting service [Tomcat]
jul 30, 2026 5:56:44 P. M. org.apache.catalina.core.StandardEngine startInternal
INFO: Starting Servlet engine: [Apache Tomcat/10.1.20]
jul 30, 2026 5:56:44 P. M. org.apache.catalina.core.ApplicationContext log
INFO: Initializing Spring embedded WebApplicationContext
2026-07-30T17:56:44.953+01:00  INFO 29996 --- [human-or-ai] [  restartedMain] w.s.c.ServletWebServerApplicationContext : Root WebApplicationContext: initialization completed in 373 ms
2026-07-30T17:56:45.319+01:00  INFO 29996 --- [human-or-ai] [  restartedMain] o.s.b.d.a.OptionalLiveReloadServer       : LiveReload server is running on port 35729
2026-07-30T17:56:45.324+01:00  INFO 29996 --- [human-or-ai] [  restartedMain] o.s.b.a.e.w.EndpointLinksResolver        : Exposing 1 endpoint(s) beneath base path '/actuator'
jul 30, 2026 5:56:45 P. M. org.apache.coyote.AbstractProtocol start
INFO: Starting ProtocolHandler ["http-nio-8080"]
2026-07-30T17:56:45.348+01:00  INFO 29996 --- [human-or-ai] [  restartedMain] o.s.b.w.e.t.TomcatWebServer              : Tomcat started on port 8080 (http) with context path ''
2026-07-30T17:56:45.349+01:00  INFO 29996 --- [human-or-ai] [  restartedMain] o.s.m.s.b.SimpleBrokerMessageHandler     : Starting...
2026-07-30T17:56:45.349+01:00  INFO 29996 --- [human-or-ai] [  restartedMain] o.s.m.s.b.SimpleBrokerMessageHandler     : BrokerAvailabilityEvent[available=true, SimpleBrokerMessageHandler [org.springframework.messaging.simp.broker.DefaultSubscriptionRegistry@57d775c2]]
2026-07-30T17:56:45.350+01:00  INFO 29996 --- [human-or-ai] [  restartedMain] o.s.m.s.b.SimpleBrokerMessageHandler     : Started.
2026-07-30T17:56:45.358+01:00  INFO 29996 --- [human-or-ai] [  restartedMain] c.k.c.CleanSpringBootProjectApplication  : Started CleanSpringBootProjectApplication in 0.814 seconds (process running for 12380.771)
2026-07-30T17:56:45.360+01:00  INFO 29996 --- [human-or-ai] [  restartedMain] .ConditionEvaluationDeltaLoggingListener : Condition evaluation unchanged
2026-07-30T17:56:46.807+01:00  INFO 29996 --- [human-or-ai] [   File Watcher] rtingClassPathChangeChangedEventListener : Restarting due to 3 class path changes (0 additions, 0 deletions, 3 modifications)
2026-07-30T17:56:46.810+01:00  INFO 29996 --- [human-or-ai] [      Thread-67] o.s.m.s.b.SimpleBrokerMessageHandler     : Stopping...
2026-07-30T17:56:46.810+01:00  INFO 29996 --- [human-or-ai] [      Thread-67] o.s.m.s.b.SimpleBrokerMessageHandler     : BrokerAvailabilityEvent[available=false, SimpleBrokerMessageHandler [org.springframework.messaging.simp.broker.DefaultSubscriptionRegistry@57d775c2]]
2026-07-30T17:56:46.811+01:00  INFO 29996 --- [human-or-ai] [      Thread-67] o.s.m.s.b.SimpleBrokerMessageHandler     : Stopped.
jul 30, 2026 5:56:46 P. M. org.apache.coyote.AbstractProtocol stop
INFO: Stopping ProtocolHandler ["http-nio-8080"]
jul 30, 2026 5:56:46 P. M. org.apache.catalina.core.StandardService stopInternal
INFO: Stopping service [Tomcat]

  .   ____          _            __ _ _
 /\\ / ___'_ __ _ _(_)_ __  __ _ \ \ \ \
( ( )\___ | '_ | '_| | '_ \/ _` | \ \ \ \
 \\/  ___)| |_)| | | | | || (_| |  ) ) ) )
  '  |____| .__|_| |_|_| |_\__, | / / / /
 =========|_|==============|___/=/_/_/_/
 :: Spring Boot ::                (v3.2.5)

2026-07-30T17:56:46.898+01:00  INFO 29996 --- [human-or-ai] [  restartedMain] c.k.c.CleanSpringBootProjectApplication  : Starting CleanSpringBootProjectApplication using Java 21.0.10 with PID 29996 (C:\Users\vdort\Desktop\proyecto\guessTheAI\backend\target\classes started by vdort in C:\Users\vdort\Desktop\proyecto\guessTheAI\backend)
2026-07-30T17:56:46.899+01:00  INFO 29996 --- [human-or-ai] [  restartedMain] c.k.c.CleanSpringBootProjectApplication  : No active profile set, falling back to 1 default profile: "default"
2026-07-30T17:56:47.219+01:00  INFO 29996 --- [human-or-ai] [  restartedMain] o.s.b.w.e.t.TomcatWebServer              : Tomcat initialized with port 8080 (http)
jul 30, 2026 5:56:47 P. M. org.apache.coyote.AbstractProtocol init
INFO: Initializing ProtocolHandler ["http-nio-8080"]
jul 30, 2026 5:56:47 P. M. org.apache.catalina.core.StandardService startInternal
INFO: Starting service [Tomcat]
jul 30, 2026 5:56:47 P. M. org.apache.catalina.core.StandardEngine startInternal
INFO: Starting Servlet engine: [Apache Tomcat/10.1.20]
jul 30, 2026 5:56:47 P. M. org.apache.catalina.core.ApplicationContext log
INFO: Initializing Spring embedded WebApplicationContext
2026-07-30T17:56:47.234+01:00  INFO 29996 --- [human-or-ai] [  restartedMain] w.s.c.ServletWebServerApplicationContext : Root WebApplicationContext: initialization completed in 333 ms
2026-07-30T17:56:47.491+01:00  INFO 29996 --- [human-or-ai] [  restartedMain] o.s.b.d.a.OptionalLiveReloadServer       : LiveReload server is running on port 35729
2026-07-30T17:56:47.495+01:00  INFO 29996 --- [human-or-ai] [  restartedMain] o.s.b.a.e.w.EndpointLinksResolver        : Exposing 1 endpoint(s) beneath base path '/actuator'
jul 30, 2026 5:56:47 P. M. org.apache.coyote.AbstractProtocol start
INFO: Starting ProtocolHandler ["http-nio-8080"]
2026-07-30T17:56:47.515+01:00  INFO 29996 --- [human-or-ai] [  restartedMain] o.s.b.w.e.t.TomcatWebServer              : Tomcat started on port 8080 (http) with context path ''
2026-07-30T17:56:47.516+01:00  INFO 29996 --- [human-or-ai] [  restartedMain] o.s.m.s.b.SimpleBrokerMessageHandler     : Starting...
2026-07-30T17:56:47.516+01:00  INFO 29996 --- [human-or-ai] [  restartedMain] o.s.m.s.b.SimpleBrokerMessageHandler     : BrokerAvailabilityEvent[available=true, SimpleBrokerMessageHandler [org.springframework.messaging.simp.broker.DefaultSubscriptionRegistry@c713469]]
2026-07-30T17:56:47.517+01:00  INFO 29996 --- [human-or-ai] [  restartedMain] o.s.m.s.b.SimpleBrokerMessageHandler     : Started.
2026-07-30T17:56:47.522+01:00  INFO 29996 --- [human-or-ai] [  restartedMain] c.k.c.CleanSpringBootProjectApplication  : Started CleanSpringBootProjectApplication in 0.661 seconds (process running for 12382.935)
2026-07-30T17:56:47.523+01:00  INFO 29996 --- [human-or-ai] [  restartedMain] .ConditionEvaluationDeltaLoggingListener : Condition evaluation unchanged
2026-07-30T17:56:48.974+01:00  INFO 29996 --- [human-or-ai] [   File Watcher] rtingClassPathChangeChangedEventListener : Restarting due to 1 class path change (0 additions, 0 deletions, 1 modification)
2026-07-30T17:56:48.974+01:00  INFO 29996 --- [human-or-ai] [      Thread-71] o.s.m.s.b.SimpleBrokerMessageHandler     : Stopping...
2026-07-30T17:56:48.974+01:00  INFO 29996 --- [human-or-ai] [      Thread-71] o.s.m.s.b.SimpleBrokerMessageHandler     : BrokerAvailabilityEvent[available=false, SimpleBrokerMessageHandler [org.springframework.messaging.simp.broker.DefaultSubscriptionRegistry@c713469]]
2026-07-30T17:56:48.974+01:00  INFO 29996 --- [human-or-ai] [      Thread-71] o.s.m.s.b.SimpleBrokerMessageHandler     : Stopped.
jul 30, 2026 5:56:48 P. M. org.apache.coyote.AbstractProtocol stop
INFO: Stopping ProtocolHandler ["http-nio-8080"]
jul 30, 2026 5:56:48 P. M. org.apache.catalina.core.StandardService stopInternal
INFO: Stopping service [Tomcat]

  .   ____          _            __ _ _
 /\\ / ___'_ __ _ _(_)_ __  __ _ \ \ \ \
( ( )\___ | '_ | '_| | '_ \/ _` | \ \ \ \
 \\/  ___)| |_)| | | | | || (_| |  ) ) ) )
  '  |____| .__|_| |_|_| |_\__, | / / / /
 =========|_|==============|___/=/_/_/_/
 :: Spring Boot ::                (v3.2.5)

2026-07-30T17:56:49.063+01:00  INFO 29996 --- [human-or-ai] [  restartedMain] c.k.c.CleanSpringBootProjectApplication  : Starting CleanSpringBootProjectApplication using Java 21.0.10 with PID 29996 (C:\Users\vdort\Desktop\proyecto\guessTheAI\backend\target\classes started by vdort in C:\Users\vdort\Desktop\proyecto\guessTheAI\backend)
2026-07-30T17:56:49.065+01:00  INFO 29996 --- [human-or-ai] [  restartedMain] c.k.c.CleanSpringBootProjectApplication  : No active profile set, falling back to 1 default profile: "default"
2026-07-30T17:56:49.498+01:00  INFO 29996 --- [human-or-ai] [  restartedMain] o.s.b.w.e.t.TomcatWebServer              : Tomcat initialized with port 8080 (http)
jul 30, 2026 5:56:49 P. M. org.apache.coyote.AbstractProtocol init
INFO: Initializing ProtocolHandler ["http-nio-8080"]
jul 30, 2026 5:56:49 P. M. org.apache.catalina.core.StandardService startInternal
INFO: Starting service [Tomcat]
jul 30, 2026 5:56:49 P. M. org.apache.catalina.core.StandardEngine startInternal
INFO: Starting Servlet engine: [Apache Tomcat/10.1.20]
jul 30, 2026 5:56:49 P. M. org.apache.catalina.core.ApplicationContext log
INFO: Initializing Spring embedded WebApplicationContext
2026-07-30T17:56:49.517+01:00  INFO 29996 --- [human-or-ai] [  restartedMain] w.s.c.ServletWebServerApplicationContext : Root WebApplicationContext: initialization completed in 450 ms
2026-07-30T17:56:49.837+01:00  INFO 29996 --- [human-or-ai] [  restartedMain] o.s.b.d.a.OptionalLiveReloadServer       : LiveReload server is running on port 35729
2026-07-30T17:56:49.844+01:00  INFO 29996 --- [human-or-ai] [  restartedMain] o.s.b.a.e.w.EndpointLinksResolver        : Exposing 1 endpoint(s) beneath base path '/actuator'
jul 30, 2026 5:56:49 P. M. org.apache.coyote.AbstractProtocol start
INFO: Starting ProtocolHandler ["http-nio-8080"]
2026-07-30T17:56:49.869+01:00  INFO 29996 --- [human-or-ai] [  restartedMain] o.s.b.w.e.t.TomcatWebServer              : Tomcat started on port 8080 (http) with context path ''
2026-07-30T17:56:49.870+01:00  INFO 29996 --- [human-or-ai] [  restartedMain] o.s.m.s.b.SimpleBrokerMessageHandler     : Starting...
2026-07-30T17:56:49.871+01:00  INFO 29996 --- [human-or-ai] [  restartedMain] o.s.m.s.b.SimpleBrokerMessageHandler     : BrokerAvailabilityEvent[available=true, SimpleBrokerMessageHandler [org.springframework.messaging.simp.broker.DefaultSubscriptionRegistry@6b5e870d]]
2026-07-30T17:56:49.872+01:00  INFO 29996 --- [human-or-ai] [  restartedMain] o.s.m.s.b.SimpleBrokerMessageHandler     : Started.
2026-07-30T17:56:49.877+01:00  INFO 29996 --- [human-or-ai] [  restartedMain] c.k.c.CleanSpringBootProjectApplication  : Started CleanSpringBootProjectApplication in 0.858 seconds (process running for 12385.29)
2026-07-30T17:56:49.879+01:00  INFO 29996 --- [human-or-ai] [  restartedMain] .ConditionEvaluationDeltaLoggingListener : Condition evaluation unchanged
2026-07-30T17:56:51.317+01:00  INFO 29996 --- [human-or-ai] [   File Watcher] rtingClassPathChangeChangedEventListener : Restarting due to 1 class path change (0 additions, 0 deletions, 1 modification)
2026-07-30T17:56:51.317+01:00  INFO 29996 --- [human-or-ai] [      Thread-75] o.s.m.s.b.SimpleBrokerMessageHandler     : Stopping...
2026-07-30T17:56:51.317+01:00  INFO 29996 --- [human-or-ai] [      Thread-75] o.s.m.s.b.SimpleBrokerMessageHandler     : BrokerAvailabilityEvent[available=false, SimpleBrokerMessageHandler [org.springframework.messaging.simp.broker.DefaultSubscriptionRegistry@6b5e870d]]
2026-07-30T17:56:51.317+01:00  INFO 29996 --- [human-or-ai] [      Thread-75] o.s.m.s.b.SimpleBrokerMessageHandler     : Stopped.
jul 30, 2026 5:56:51 P. M. org.apache.coyote.AbstractProtocol stop
INFO: Stopping ProtocolHandler ["http-nio-8080"]
jul 30, 2026 5:56:51 P. M. org.apache.catalina.core.StandardService stopInternal
INFO: Stopping service [Tomcat]

  .   ____          _            __ _ _
 /\\ / ___'_ __ _ _(_)_ __  __ _ \ \ \ \
( ( )\___ | '_ | '_| | '_ \/ _` | \ \ \ \
 \\/  ___)| |_)| | | | | || (_| |  ) ) ) )
  '  |____| .__|_| |_|_| |_\__, | / / / /
 =========|_|==============|___/=/_/_/_/
 :: Spring Boot ::                (v3.2.5)

2026-07-30T17:56:51.385+01:00  INFO 29996 --- [human-or-ai] [  restartedMain] c.k.c.CleanSpringBootProjectApplication  : Starting CleanSpringBootProjectApplication using Java 21.0.10 with PID 29996 (C:\Users\vdort\Desktop\proyecto\guessTheAI\backend\target\classes started by vdort in C:\Users\vdort\Desktop\proyecto\guessTheAI\backend)
2026-07-30T17:56:51.385+01:00  INFO 29996 --- [human-or-ai] [  restartedMain] c.k.c.CleanSpringBootProjectApplication  : No active profile set, falling back to 1 default profile: "default"
2026-07-30T17:56:51.751+01:00  INFO 29996 --- [human-or-ai] [  restartedMain] o.s.b.w.e.t.TomcatWebServer              : Tomcat initialized with port 8080 (http)
jul 30, 2026 5:56:51 P. M. org.apache.coyote.AbstractProtocol init
INFO: Initializing ProtocolHandler ["http-nio-8080"]
jul 30, 2026 5:56:51 P. M. org.apache.catalina.core.StandardService startInternal
INFO: Starting service [Tomcat]
jul 30, 2026 5:56:51 P. M. org.apache.catalina.core.StandardEngine startInternal
INFO: Starting Servlet engine: [Apache Tomcat/10.1.20]
jul 30, 2026 5:56:51 P. M. org.apache.catalina.core.ApplicationContext log
INFO: Initializing Spring embedded WebApplicationContext
2026-07-30T17:56:51.766+01:00  INFO 29996 --- [human-or-ai] [  restartedMain] w.s.c.ServletWebServerApplicationContext : Root WebApplicationContext: initialization completed in 381 ms
2026-07-30T17:56:52.027+01:00  INFO 29996 --- [human-or-ai] [  restartedMain] o.s.b.d.a.OptionalLiveReloadServer       : LiveReload server is running on port 35729
2026-07-30T17:56:52.029+01:00  INFO 29996 --- [human-or-ai] [  restartedMain] o.s.b.a.e.w.EndpointLinksResolver        : Exposing 1 endpoint(s) beneath base path '/actuator'
jul 30, 2026 5:56:52 P. M. org.apache.coyote.AbstractProtocol start
INFO: Starting ProtocolHandler ["http-nio-8080"]
2026-07-30T17:56:52.045+01:00  INFO 29996 --- [human-or-ai] [  restartedMain] o.s.b.w.e.t.TomcatWebServer              : Tomcat started on port 8080 (http) with context path ''
2026-07-30T17:56:52.046+01:00  INFO 29996 --- [human-or-ai] [  restartedMain] o.s.m.s.b.SimpleBrokerMessageHandler     : Starting...
2026-07-30T17:56:52.046+01:00  INFO 29996 --- [human-or-ai] [  restartedMain] o.s.m.s.b.SimpleBrokerMessageHandler     : BrokerAvailabilityEvent[available=true, SimpleBrokerMessageHandler [org.springframework.messaging.simp.broker.DefaultSubscriptionRegistry@3543c01d]]
2026-07-30T17:56:52.047+01:00  INFO 29996 --- [human-or-ai] [  restartedMain] o.s.m.s.b.SimpleBrokerMessageHandler     : Started.
2026-07-30T17:56:52.052+01:00  INFO 29996 --- [human-or-ai] [  restartedMain] c.k.c.CleanSpringBootProjectApplication  : Started CleanSpringBootProjectApplication in 0.695 seconds (process running for 12387.465)
2026-07-30T17:56:52.053+01:00  INFO 29996 --- [human-or-ai] [  restartedMain] .ConditionEvaluationDeltaLoggingListener : Condition evaluation unchanged
2026-07-30T17:56:55.584+01:00  INFO 29996 --- [human-or-ai] [   File Watcher] rtingClassPathChangeChangedEventListener : Restarting due to 1 class path change (0 additions, 0 deletions, 1 modification)
2026-07-30T17:56:55.584+01:00  INFO 29996 --- [human-or-ai] [      Thread-79] o.s.m.s.b.SimpleBrokerMessageHandler     : Stopping...
2026-07-30T17:56:55.584+01:00  INFO 29996 --- [human-or-ai] [      Thread-79] o.s.m.s.b.SimpleBrokerMessageHandler     : BrokerAvailabilityEvent[available=false, SimpleBrokerMessageHandler [org.springframework.messaging.simp.broker.DefaultSubscriptionRegistry@3543c01d]]
2026-07-30T17:56:55.584+01:00  INFO 29996 --- [human-or-ai] [      Thread-79] o.s.m.s.b.SimpleBrokerMessageHandler     : Stopped.
jul 30, 2026 5:56:55 P. M. org.apache.coyote.AbstractProtocol stop
INFO: Stopping ProtocolHandler ["http-nio-8080"]
jul 30, 2026 5:56:55 P. M. org.apache.catalina.core.StandardService stopInternal
INFO: Stopping service [Tomcat]

  .   ____          _            __ _ _
 /\\ / ___'_ __ _ _(_)_ __  __ _ \ \ \ \
( ( )\___ | '_ | '_| | '_ \/ _` | \ \ \ \
 \\/  ___)| |_)| | | | | || (_| |  ) ) ) )
  '  |____| .__|_| |_|_| |_\__, | / / / /
 =========|_|==============|___/=/_/_/_/
 :: Spring Boot ::                (v3.2.5)

2026-07-30T17:56:55.653+01:00  INFO 29996 --- [human-or-ai] [  restartedMain] c.k.c.CleanSpringBootProjectApplication  : Starting CleanSpringBootProjectApplication using Java 21.0.10 with PID 29996 (C:\Users\vdort\Desktop\proyecto\guessTheAI\backend\target\classes started by vdort in C:\Users\vdort\Desktop\proyecto\guessTheAI\backend)
2026-07-30T17:56:55.653+01:00  INFO 29996 --- [human-or-ai] [  restartedMain] c.k.c.CleanSpringBootProjectApplication  : No active profile set, falling back to 1 default profile: "default"
2026-07-30T17:56:56.013+01:00  INFO 29996 --- [human-or-ai] [  restartedMain] o.s.b.w.e.t.TomcatWebServer              : Tomcat initialized with port 8080 (http)
jul 30, 2026 5:56:56 P. M. org.apache.coyote.AbstractProtocol init
INFO: Initializing ProtocolHandler ["http-nio-8080"]
jul 30, 2026 5:56:56 P. M. org.apache.catalina.core.StandardService startInternal
INFO: Starting service [Tomcat]
jul 30, 2026 5:56:56 P. M. org.apache.catalina.core.StandardEngine startInternal
INFO: Starting Servlet engine: [Apache Tomcat/10.1.20]
jul 30, 2026 5:56:56 P. M. org.apache.catalina.core.ApplicationContext log
INFO: Initializing Spring embedded WebApplicationContext
2026-07-30T17:56:56.029+01:00  INFO 29996 --- [human-or-ai] [  restartedMain] w.s.c.ServletWebServerApplicationContext : Root WebApplicationContext: initialization completed in 376 ms
2026-07-30T17:56:56.305+01:00  INFO 29996 --- [human-or-ai] [  restartedMain] o.s.b.d.a.OptionalLiveReloadServer       : LiveReload server is running on port 35729
2026-07-30T17:56:56.309+01:00  INFO 29996 --- [human-or-ai] [  restartedMain] o.s.b.a.e.w.EndpointLinksResolver        : Exposing 1 endpoint(s) beneath base path '/actuator'
jul 30, 2026 5:56:56 P. M. org.apache.coyote.AbstractProtocol start
INFO: Starting ProtocolHandler ["http-nio-8080"]
2026-07-30T17:56:56.325+01:00  INFO 29996 --- [human-or-ai] [  restartedMain] o.s.b.w.e.t.TomcatWebServer              : Tomcat started on port 8080 (http) with context path ''
2026-07-30T17:56:56.325+01:00  INFO 29996 --- [human-or-ai] [  restartedMain] o.s.m.s.b.SimpleBrokerMessageHandler     : Starting...
2026-07-30T17:56:56.326+01:00  INFO 29996 --- [human-or-ai] [  restartedMain] o.s.m.s.b.SimpleBrokerMessageHandler     : BrokerAvailabilityEvent[available=true, SimpleBrokerMessageHandler [org.springframework.messaging.simp.broker.DefaultSubscriptionRegistry@481114aa]]
2026-07-30T17:56:56.326+01:00  INFO 29996 --- [human-or-ai] [  restartedMain] o.s.m.s.b.SimpleBrokerMessageHandler     : Started.
2026-07-30T17:56:56.331+01:00  INFO 29996 --- [human-or-ai] [  restartedMain] c.k.c.CleanSpringBootProjectApplication  : Started CleanSpringBootProjectApplication in 0.703 seconds (process running for 12391.743)
2026-07-30T17:56:56.332+01:00  INFO 29996 --- [human-or-ai] [  restartedMain] .ConditionEvaluationDeltaLoggingListener : Condition evaluation unchanged
2026-07-30T17:56:57.784+01:00  INFO 29996 --- [human-or-ai] [   File Watcher] rtingClassPathChangeChangedEventListener : Restarting due to 1 class path change (0 additions, 0 deletions, 1 modification)
2026-07-30T17:56:57.787+01:00  INFO 29996 --- [human-or-ai] [      Thread-83] o.s.m.s.b.SimpleBrokerMessageHandler     : Stopping...
2026-07-30T17:56:57.788+01:00  INFO 29996 --- [human-or-ai] [      Thread-83] o.s.m.s.b.SimpleBrokerMessageHandler     : BrokerAvailabilityEvent[available=false, SimpleBrokerMessageHandler [org.springframework.messaging.simp.broker.DefaultSubscriptionRegistry@481114aa]]
2026-07-30T17:56:57.789+01:00  INFO 29996 --- [human-or-ai] [      Thread-83] o.s.m.s.b.SimpleBrokerMessageHandler     : Stopped.
jul 30, 2026 5:56:57 P. M. org.apache.coyote.AbstractProtocol stop
INFO: Stopping ProtocolHandler ["http-nio-8080"]
jul 30, 2026 5:56:57 P. M. org.apache.catalina.core.StandardService stopInternal
INFO: Stopping service [Tomcat]

  .   ____          _            __ _ _
 /\\ / ___'_ __ _ _(_)_ __  __ _ \ \ \ \
( ( )\___ | '_ | '_| | '_ \/ _` | \ \ \ \
 \\/  ___)| |_)| | | | | || (_| |  ) ) ) )
  '  |____| .__|_| |_|_| |_\__, | / / / /
 =========|_|==============|___/=/_/_/_/
 :: Spring Boot ::                (v3.2.5)

2026-07-30T17:56:57.875+01:00  INFO 29996 --- [human-or-ai] [  restartedMain] c.k.c.CleanSpringBootProjectApplication  : Starting CleanSpringBootProjectApplication using Java 21.0.10 with PID 29996 (C:\Users\vdort\Desktop\proyecto\guessTheAI\backend\target\classes started by vdort in C:\Users\vdort\Desktop\proyecto\guessTheAI\backend)
2026-07-30T17:56:57.877+01:00  INFO 29996 --- [human-or-ai] [  restartedMain] c.k.c.CleanSpringBootProjectApplication  : No active profile set, falling back to 1 default profile: "default"
2026-07-30T17:56:58.251+01:00  INFO 29996 --- [human-or-ai] [  restartedMain] o.s.b.w.e.t.TomcatWebServer              : Tomcat initialized with port 8080 (http)
jul 30, 2026 5:56:58 P. M. org.apache.coyote.AbstractProtocol init
INFO: Initializing ProtocolHandler ["http-nio-8080"]
jul 30, 2026 5:56:58 P. M. org.apache.catalina.core.StandardService startInternal
INFO: Starting service [Tomcat]
jul 30, 2026 5:56:58 P. M. org.apache.catalina.core.StandardEngine startInternal
INFO: Starting Servlet engine: [Apache Tomcat/10.1.20]
jul 30, 2026 5:56:58 P. M. org.apache.catalina.core.ApplicationContext log
INFO: Initializing Spring embedded WebApplicationContext
2026-07-30T17:56:58.266+01:00  INFO 29996 --- [human-or-ai] [  restartedMain] w.s.c.ServletWebServerApplicationContext : Root WebApplicationContext: initialization completed in 383 ms
2026-07-30T17:56:58.539+01:00  INFO 29996 --- [human-or-ai] [  restartedMain] o.s.b.d.a.OptionalLiveReloadServer       : LiveReload server is running on port 35729
2026-07-30T17:56:58.543+01:00  INFO 29996 --- [human-or-ai] [  restartedMain] o.s.b.a.e.w.EndpointLinksResolver        : Exposing 1 endpoint(s) beneath base path '/actuator'
jul 30, 2026 5:56:58 P. M. org.apache.coyote.AbstractProtocol start
INFO: Starting ProtocolHandler ["http-nio-8080"]
2026-07-30T17:56:58.563+01:00  INFO 29996 --- [human-or-ai] [  restartedMain] o.s.b.w.e.t.TomcatWebServer              : Tomcat started on port 8080 (http) with context path ''
2026-07-30T17:56:58.564+01:00  INFO 29996 --- [human-or-ai] [  restartedMain] o.s.m.s.b.SimpleBrokerMessageHandler     : Starting...
2026-07-30T17:56:58.564+01:00  INFO 29996 --- [human-or-ai] [  restartedMain] o.s.m.s.b.SimpleBrokerMessageHandler     : BrokerAvailabilityEvent[available=true, SimpleBrokerMessageHandler [org.springframework.messaging.simp.broker.DefaultSubscriptionRegistry@1b92725f]]
2026-07-30T17:56:58.564+01:00  INFO 29996 --- [human-or-ai] [  restartedMain] o.s.m.s.b.SimpleBrokerMessageHandler     : Started.
2026-07-30T17:56:58.570+01:00  INFO 29996 --- [human-or-ai] [  restartedMain] c.k.c.CleanSpringBootProjectApplication  : Started CleanSpringBootProjectApplication in 0.737 seconds (process running for 12393.983)
2026-07-30T17:56:58.572+01:00  INFO 29996 --- [human-or-ai] [  restartedMain] .ConditionEvaluationDeltaLoggingListener : Condition evaluation unchanged
2026-07-30T17:57:00.017+01:00  INFO 29996 --- [human-or-ai] [   File Watcher] rtingClassPathChangeChangedEventListener : Restarting due to 7 class path changes (0 additions, 0 deletions, 7 modifications)
2026-07-30T17:57:00.017+01:00  INFO 29996 --- [human-or-ai] [      Thread-87] o.s.m.s.b.SimpleBrokerMessageHandler     : Stopping...
2026-07-30T17:57:00.017+01:00  INFO 29996 --- [human-or-ai] [      Thread-87] o.s.m.s.b.SimpleBrokerMessageHandler     : BrokerAvailabilityEvent[available=false, SimpleBrokerMessageHandler [org.springframework.messaging.simp.broker.DefaultSubscriptionRegistry@1b92725f]]
2026-07-30T17:57:00.017+01:00  INFO 29996 --- [human-or-ai] [      Thread-87] o.s.m.s.b.SimpleBrokerMessageHandler     : Stopped.
jul 30, 2026 5:57:00 P. M. org.apache.coyote.AbstractProtocol stop
INFO: Stopping ProtocolHandler ["http-nio-8080"]
jul 30, 2026 5:57:00 P. M. org.apache.catalina.core.StandardService stopInternal
INFO: Stopping service [Tomcat]

  .   ____          _            __ _ _
 /\\ / ___'_ __ _ _(_)_ __  __ _ \ \ \ \
( ( )\___ | '_ | '_| | '_ \/ _` | \ \ \ \
 \\/  ___)| |_)| | | | | || (_| |  ) ) ) )
  '  |____| .__|_| |_|_| |_\__, | / / / /
 =========|_|==============|___/=/_/_/_/
 :: Spring Boot ::                (v3.2.5)

2026-07-30T17:57:00.101+01:00  INFO 29996 --- [human-or-ai] [  restartedMain] c.k.c.CleanSpringBootProjectApplication  : Starting CleanSpringBootProjectApplication using Java 21.0.10 with PID 29996 (C:\Users\vdort\Desktop\proyecto\guessTheAI\backend\target\classes started by vdort in C:\Users\vdort\Desktop\proyecto\guessTheAI\backend)
2026-07-30T17:57:00.103+01:00  INFO 29996 --- [human-or-ai] [  restartedMain] c.k.c.CleanSpringBootProjectApplication  : No active profile set, falling back to 1 default profile: "default"
2026-07-30T17:57:00.440+01:00  INFO 29996 --- [human-or-ai] [  restartedMain] o.s.b.w.e.t.TomcatWebServer              : Tomcat initialized with port 8080 (http)
jul 30, 2026 5:57:00 P. M. org.apache.coyote.AbstractProtocol init
INFO: Initializing ProtocolHandler ["http-nio-8080"]
jul 30, 2026 5:57:00 P. M. org.apache.catalina.core.StandardService startInternal
INFO: Starting service [Tomcat]
jul 30, 2026 5:57:00 P. M. org.apache.catalina.core.StandardEngine startInternal
INFO: Starting Servlet engine: [Apache Tomcat/10.1.20]
jul 30, 2026 5:57:00 P. M. org.apache.catalina.core.ApplicationContext log
INFO: Initializing Spring embedded WebApplicationContext
2026-07-30T17:57:00.456+01:00  INFO 29996 --- [human-or-ai] [  restartedMain] w.s.c.ServletWebServerApplicationContext : Root WebApplicationContext: initialization completed in 352 ms
2026-07-30T17:57:00.728+01:00  INFO 29996 --- [human-or-ai] [  restartedMain] o.s.b.d.a.OptionalLiveReloadServer       : LiveReload server is running on port 35729
2026-07-30T17:57:00.731+01:00  INFO 29996 --- [human-or-ai] [  restartedMain] o.s.b.a.e.w.EndpointLinksResolver        : Exposing 1 endpoint(s) beneath base path '/actuator'
jul 30, 2026 5:57:00 P. M. org.apache.coyote.AbstractProtocol start
INFO: Starting ProtocolHandler ["http-nio-8080"]
2026-07-30T17:57:00.750+01:00  INFO 29996 --- [human-or-ai] [  restartedMain] o.s.b.w.e.t.TomcatWebServer              : Tomcat started on port 8080 (http) with context path ''
2026-07-30T17:57:00.751+01:00  INFO 29996 --- [human-or-ai] [  restartedMain] o.s.m.s.b.SimpleBrokerMessageHandler     : Starting...
2026-07-30T17:57:00.751+01:00  INFO 29996 --- [human-or-ai] [  restartedMain] o.s.m.s.b.SimpleBrokerMessageHandler     : BrokerAvailabilityEvent[available=true, SimpleBrokerMessageHandler [org.springframework.messaging.simp.broker.DefaultSubscriptionRegistry@7bb208ea]]
2026-07-30T17:57:00.751+01:00  INFO 29996 --- [human-or-ai] [  restartedMain] o.s.m.s.b.SimpleBrokerMessageHandler     : Started.
2026-07-30T17:57:00.754+01:00  INFO 29996 --- [human-or-ai] [  restartedMain] c.k.c.CleanSpringBootProjectApplication  : Started CleanSpringBootProjectApplication in 0.687 seconds (process running for 12396.17)
2026-07-30T17:57:00.754+01:00  INFO 29996 --- [human-or-ai] [  restartedMain] .ConditionEvaluationDeltaLoggingListener : Condition evaluation unchanged
2026-07-30T17:57:10.503+01:00  INFO 29996 --- [human-or-ai] [   File Watcher] rtingClassPathChangeChangedEventListener : Restarting due to 1 class path change (0 additions, 0 deletions, 1 modification)
2026-07-30T17:57:10.506+01:00  INFO 29996 --- [human-or-ai] [      Thread-91] o.s.m.s.b.SimpleBrokerMessageHandler     : Stopping...
2026-07-30T17:57:10.507+01:00  INFO 29996 --- [human-or-ai] [      Thread-91] o.s.m.s.b.SimpleBrokerMessageHandler     : BrokerAvailabilityEvent[available=false, SimpleBrokerMessageHandler [org.springframework.messaging.simp.broker.DefaultSubscriptionRegistry@7bb208ea]]
2026-07-30T17:57:10.508+01:00  INFO 29996 --- [human-or-ai] [      Thread-91] o.s.m.s.b.SimpleBrokerMessageHandler     : Stopped.
jul 30, 2026 5:57:10 P. M. org.apache.coyote.AbstractProtocol stop
INFO: Stopping ProtocolHandler ["http-nio-8080"]
jul 30, 2026 5:57:10 P. M. org.apache.catalina.core.StandardService stopInternal
INFO: Stopping service [Tomcat]

  .   ____          _            __ _ _
 /\\ / ___'_ __ _ _(_)_ __  __ _ \ \ \ \
( ( )\___ | '_ | '_| | '_ \/ _` | \ \ \ \
 \\/  ___)| |_)| | | | | || (_| |  ) ) ) )
  '  |____| .__|_| |_|_| |_\__, | / / / /
 =========|_|==============|___/=/_/_/_/
 :: Spring Boot ::                (v3.2.5)

2026-07-30T17:57:10.570+01:00  INFO 29996 --- [human-or-ai] [  restartedMain] c.k.c.CleanSpringBootProjectApplication  : Starting CleanSpringBootProjectApplication using Java 21.0.10 with PID 29996 (C:\Users\vdort\Desktop\proyecto\guessTheAI\backend\target\classes started by vdort in C:\Users\vdort\Desktop\proyecto\guessTheAI\backend)
2026-07-30T17:57:10.570+01:00  INFO 29996 --- [human-or-ai] [  restartedMain] c.k.c.CleanSpringBootProjectApplication  : No active profile set, falling back to 1 default profile: "default"
2026-07-30T17:57:10.917+01:00  INFO 29996 --- [human-or-ai] [  restartedMain] o.s.b.w.e.t.TomcatWebServer              : Tomcat initialized with port 8080 (http)
jul 30, 2026 5:57:10 P. M. org.apache.coyote.AbstractProtocol init
INFO: Initializing ProtocolHandler ["http-nio-8080"]
jul 30, 2026 5:57:10 P. M. org.apache.catalina.core.StandardService startInternal
INFO: Starting service [Tomcat]
jul 30, 2026 5:57:10 P. M. org.apache.catalina.core.StandardEngine startInternal
INFO: Starting Servlet engine: [Apache Tomcat/10.1.20]
jul 30, 2026 5:57:10 P. M. org.apache.catalina.core.ApplicationContext log
INFO: Initializing Spring embedded WebApplicationContext
2026-07-30T17:57:10.934+01:00  INFO 29996 --- [human-or-ai] [  restartedMain] w.s.c.ServletWebServerApplicationContext : Root WebApplicationContext: initialization completed in 364 ms
2026-07-30T17:57:11.186+01:00  INFO 29996 --- [human-or-ai] [  restartedMain] o.s.b.d.a.OptionalLiveReloadServer       : LiveReload server is running on port 35729
2026-07-30T17:57:11.193+01:00  INFO 29996 --- [human-or-ai] [  restartedMain] o.s.b.a.e.w.EndpointLinksResolver        : Exposing 1 endpoint(s) beneath base path '/actuator'
jul 30, 2026 5:57:11 P. M. org.apache.coyote.AbstractProtocol start
INFO: Starting ProtocolHandler ["http-nio-8080"]
2026-07-30T17:57:11.200+01:00  INFO 29996 --- [human-or-ai] [  restartedMain] o.s.b.w.e.t.TomcatWebServer              : Tomcat started on port 8080 (http) with context path ''
2026-07-30T17:57:11.200+01:00  INFO 29996 --- [human-or-ai] [  restartedMain] o.s.m.s.b.SimpleBrokerMessageHandler     : Starting...
2026-07-30T17:57:11.200+01:00  INFO 29996 --- [human-or-ai] [  restartedMain] o.s.m.s.b.SimpleBrokerMessageHandler     : BrokerAvailabilityEvent[available=true, SimpleBrokerMessageHandler [org.springframework.messaging.simp.broker.DefaultSubscriptionRegistry@6daee446]]
2026-07-30T17:57:11.200+01:00  INFO 29996 --- [human-or-ai] [  restartedMain] o.s.m.s.b.SimpleBrokerMessageHandler     : Started.
2026-07-30T17:57:11.216+01:00  INFO 29996 --- [human-or-ai] [  restartedMain] c.k.c.CleanSpringBootProjectApplication  : Started CleanSpringBootProjectApplication in 0.663 seconds (process running for 12406.634)
2026-07-30T17:57:11.216+01:00  INFO 29996 --- [human-or-ai] [  restartedMain] .ConditionEvaluationDeltaLoggingListener : Condition evaluation unchanged
2026-07-30T17:57:13.700+01:00  INFO 29996 --- [human-or-ai] [   File Watcher] rtingClassPathChangeChangedEventListener : Restarting due to 1 class path change (0 additions, 0 deletions, 1 modification)
2026-07-30T17:57:13.708+01:00  INFO 29996 --- [human-or-ai] [      Thread-95] o.s.m.s.b.SimpleBrokerMessageHandler     : Stopping...
2026-07-30T17:57:13.708+01:00  INFO 29996 --- [human-or-ai] [      Thread-95] o.s.m.s.b.SimpleBrokerMessageHandler     : BrokerAvailabilityEvent[available=false, SimpleBrokerMessageHandler [org.springframework.messaging.simp.broker.DefaultSubscriptionRegistry@6daee446]]
2026-07-30T17:57:13.710+01:00  INFO 29996 --- [human-or-ai] [      Thread-95] o.s.m.s.b.SimpleBrokerMessageHandler     : Stopped.
jul 30, 2026 5:57:13 P. M. org.apache.coyote.AbstractProtocol stop
INFO: Stopping ProtocolHandler ["http-nio-8080"]
jul 30, 2026 5:57:13 P. M. org.apache.catalina.core.StandardService stopInternal
INFO: Stopping service [Tomcat]

  .   ____          _            __ _ _
 /\\ / ___'_ __ _ _(_)_ __  __ _ \ \ \ \
( ( )\___ | '_ | '_| | '_ \/ _` | \ \ \ \
 \\/  ___)| |_)| | | | | || (_| |  ) ) ) )
  '  |____| .__|_| |_|_| |_\__, | / / / /
 =========|_|==============|___/=/_/_/_/
 :: Spring Boot ::                (v3.2.5)

2026-07-30T17:57:13.798+01:00  INFO 29996 --- [human-or-ai] [  restartedMain] c.k.c.CleanSpringBootProjectApplication  : Starting CleanSpringBootProjectApplication using Java 21.0.10 with PID 29996 (C:\Users\vdort\Desktop\proyecto\guessTheAI\backend\target\classes started by vdort in C:\Users\vdort\Desktop\proyecto\guessTheAI\backend)
2026-07-30T17:57:13.799+01:00  INFO 29996 --- [human-or-ai] [  restartedMain] c.k.c.CleanSpringBootProjectApplication  : No active profile set, falling back to 1 default profile: "default"
2026-07-30T17:57:14.127+01:00  INFO 29996 --- [human-or-ai] [  restartedMain] o.s.b.w.e.t.TomcatWebServer              : Tomcat initialized with port 8080 (http)
jul 30, 2026 5:57:14 P. M. org.apache.coyote.AbstractProtocol init
INFO: Initializing ProtocolHandler ["http-nio-8080"]
jul 30, 2026 5:57:14 P. M. org.apache.catalina.core.StandardService startInternal
INFO: Starting service [Tomcat]
jul 30, 2026 5:57:14 P. M. org.apache.catalina.core.StandardEngine startInternal
INFO: Starting Servlet engine: [Apache Tomcat/10.1.20]
jul 30, 2026 5:57:14 P. M. org.apache.catalina.core.ApplicationContext log
INFO: Initializing Spring embedded WebApplicationContext
2026-07-30T17:57:14.137+01:00  INFO 29996 --- [human-or-ai] [  restartedMain] w.s.c.ServletWebServerApplicationContext : Root WebApplicationContext: initialization completed in 337 ms
2026-07-30T17:57:14.407+01:00  INFO 29996 --- [human-or-ai] [  restartedMain] o.s.b.d.a.OptionalLiveReloadServer       : LiveReload server is running on port 35729
2026-07-30T17:57:14.417+01:00  INFO 29996 --- [human-or-ai] [  restartedMain] o.s.b.a.e.w.EndpointLinksResolver        : Exposing 1 endpoint(s) beneath base path '/actuator'
jul 30, 2026 5:57:14 P. M. org.apache.coyote.AbstractProtocol start
INFO: Starting ProtocolHandler ["http-nio-8080"]
2026-07-30T17:57:14.435+01:00  INFO 29996 --- [human-or-ai] [  restartedMain] o.s.b.w.e.t.TomcatWebServer              : Tomcat started on port 8080 (http) with context path ''
2026-07-30T17:57:14.435+01:00  INFO 29996 --- [human-or-ai] [  restartedMain] o.s.m.s.b.SimpleBrokerMessageHandler     : Starting...
2026-07-30T17:57:14.435+01:00  INFO 29996 --- [human-or-ai] [  restartedMain] o.s.m.s.b.SimpleBrokerMessageHandler     : BrokerAvailabilityEvent[available=true, SimpleBrokerMessageHandler [org.springframework.messaging.simp.broker.DefaultSubscriptionRegistry@3024c6a8]]
2026-07-30T17:57:14.435+01:00  INFO 29996 --- [human-or-ai] [  restartedMain] o.s.m.s.b.SimpleBrokerMessageHandler     : Started.
2026-07-30T17:57:14.450+01:00  INFO 29996 --- [human-or-ai] [  restartedMain] c.k.c.CleanSpringBootProjectApplication  : Started CleanSpringBootProjectApplication in 0.694 seconds (process running for 12409.866)
2026-07-30T17:57:14.450+01:00  INFO 29996 --- [human-or-ai] [  restartedMain] .ConditionEvaluationDeltaLoggingListener : Condition evaluation unchanged
2026-07-30T17:57:15.916+01:00  INFO 29996 --- [human-or-ai] [   File Watcher] rtingClassPathChangeChangedEventListener : Restarting due to 1 class path change (0 additions, 0 deletions, 1 modification)
2026-07-30T17:57:15.918+01:00  INFO 29996 --- [human-or-ai] [      Thread-99] o.s.m.s.b.SimpleBrokerMessageHandler     : Stopping...
2026-07-30T17:57:15.919+01:00  INFO 29996 --- [human-or-ai] [      Thread-99] o.s.m.s.b.SimpleBrokerMessageHandler     : BrokerAvailabilityEvent[available=false, SimpleBrokerMessageHandler [org.springframework.messaging.simp.broker.DefaultSubscriptionRegistry@3024c6a8]]
2026-07-30T17:57:15.919+01:00  INFO 29996 --- [human-or-ai] [      Thread-99] o.s.m.s.b.SimpleBrokerMessageHandler     : Stopped.
jul 30, 2026 5:57:15 P. M. org.apache.coyote.AbstractProtocol stop
INFO: Stopping ProtocolHandler ["http-nio-8080"]
jul 30, 2026 5:57:15 P. M. org.apache.catalina.core.StandardService stopInternal
INFO: Stopping service [Tomcat]

  .   ____          _            __ _ _
 /\\ / ___'_ __ _ _(_)_ __  __ _ \ \ \ \
( ( )\___ | '_ | '_| | '_ \/ _` | \ \ \ \
 \\/  ___)| |_)| | | | | || (_| |  ) ) ) )
  '  |____| .__|_| |_|_| |_\__, | / / / /
 =========|_|==============|___/=/_/_/_/
 :: Spring Boot ::                (v3.2.5)

2026-07-30T17:57:16.004+01:00  INFO 29996 --- [human-or-ai] [  restartedMain] c.k.c.CleanSpringBootProjectApplication  : Starting CleanSpringBootProjectApplication using Java 21.0.10 with PID 29996 (C:\Users\vdort\Desktop\proyecto\guessTheAI\backend\target\classes started by vdort in C:\Users\vdort\Desktop\proyecto\guessTheAI\backend)
2026-07-30T17:57:16.005+01:00  INFO 29996 --- [human-or-ai] [  restartedMain] c.k.c.CleanSpringBootProjectApplication  : No active profile set, falling back to 1 default profile: "default"
2026-07-30T17:57:16.383+01:00  INFO 29996 --- [human-or-ai] [  restartedMain] o.s.b.w.e.t.TomcatWebServer              : Tomcat initialized with port 8080 (http)
jul 30, 2026 5:57:16 P. M. org.apache.coyote.AbstractProtocol init
INFO: Initializing ProtocolHandler ["http-nio-8080"]
jul 30, 2026 5:57:16 P. M. org.apache.catalina.core.StandardService startInternal
INFO: Starting service [Tomcat]
jul 30, 2026 5:57:16 P. M. org.apache.catalina.core.StandardEngine startInternal
INFO: Starting Servlet engine: [Apache Tomcat/10.1.20]
jul 30, 2026 5:57:16 P. M. org.apache.catalina.core.ApplicationContext log
INFO: Initializing Spring embedded WebApplicationContext
2026-07-30T17:57:16.402+01:00  INFO 29996 --- [human-or-ai] [  restartedMain] w.s.c.ServletWebServerApplicationContext : Root WebApplicationContext: initialization completed in 394 ms
2026-07-30T17:57:16.650+01:00  INFO 29996 --- [human-or-ai] [  restartedMain] o.s.b.d.a.OptionalLiveReloadServer       : LiveReload server is running on port 35729
2026-07-30T17:57:16.654+01:00  INFO 29996 --- [human-or-ai] [  restartedMain] o.s.b.a.e.w.EndpointLinksResolver        : Exposing 1 endpoint(s) beneath base path '/actuator'
jul 30, 2026 5:57:16 P. M. org.apache.coyote.AbstractProtocol start
INFO: Starting ProtocolHandler ["http-nio-8080"]
2026-07-30T17:57:16.671+01:00  INFO 29996 --- [human-or-ai] [  restartedMain] o.s.b.w.e.t.TomcatWebServer              : Tomcat started on port 8080 (http) with context path ''
2026-07-30T17:57:16.672+01:00  INFO 29996 --- [human-or-ai] [  restartedMain] o.s.m.s.b.SimpleBrokerMessageHandler     : Starting...
2026-07-30T17:57:16.672+01:00  INFO 29996 --- [human-or-ai] [  restartedMain] o.s.m.s.b.SimpleBrokerMessageHandler     : BrokerAvailabilityEvent[available=true, SimpleBrokerMessageHandler [org.springframework.messaging.simp.broker.DefaultSubscriptionRegistry@3939d3f3]]
2026-07-30T17:57:16.673+01:00  INFO 29996 --- [human-or-ai] [  restartedMain] o.s.m.s.b.SimpleBrokerMessageHandler     : Started.
2026-07-30T17:57:16.677+01:00  INFO 29996 --- [human-or-ai] [  restartedMain] c.k.c.CleanSpringBootProjectApplication  : Started CleanSpringBootProjectApplication in 0.71 seconds (process running for 12412.091)
2026-07-30T17:57:16.679+01:00  INFO 29996 --- [human-or-ai] [  restartedMain] .ConditionEvaluationDeltaLoggingListener : Condition evaluation unchanged
2026-07-30T17:57:18.133+01:00  INFO 29996 --- [human-or-ai] [   File Watcher] rtingClassPathChangeChangedEventListener : Restarting due to 2 class path changes (0 additions, 0 deletions, 2 modifications)
2026-07-30T17:57:18.134+01:00  INFO 29996 --- [human-or-ai] [     Thread-103] o.s.m.s.b.SimpleBrokerMessageHandler     : Stopping...
2026-07-30T17:57:18.134+01:00  INFO 29996 --- [human-or-ai] [     Thread-103] o.s.m.s.b.SimpleBrokerMessageHandler     : BrokerAvailabilityEvent[available=false, SimpleBrokerMessageHandler [org.springframework.messaging.simp.broker.DefaultSubscriptionRegistry@3939d3f3]]
2026-07-30T17:57:18.134+01:00  INFO 29996 --- [human-or-ai] [     Thread-103] o.s.m.s.b.SimpleBrokerMessageHandler     : Stopped.
jul 30, 2026 5:57:18 P. M. org.apache.coyote.AbstractProtocol stop
INFO: Stopping ProtocolHandler ["http-nio-8080"]
jul 30, 2026 5:57:18 P. M. org.apache.catalina.core.StandardService stopInternal
INFO: Stopping service [Tomcat]

  .   ____          _            __ _ _
 /\\ / ___'_ __ _ _(_)_ __  __ _ \ \ \ \
( ( )\___ | '_ | '_| | '_ \/ _` | \ \ \ \
 \\/  ___)| |_)| | | | | || (_| |  ) ) ) )
  '  |____| .__|_| |_|_| |_\__, | / / / /
 =========|_|==============|___/=/_/_/_/
 :: Spring Boot ::                (v3.2.5)

2026-07-30T17:57:18.206+01:00  INFO 29996 --- [human-or-ai] [  restartedMain] c.k.c.CleanSpringBootProjectApplication  : Starting CleanSpringBootProjectApplication using Java 21.0.10 with PID 29996 (C:\Users\vdort\Desktop\proyecto\guessTheAI\backend\target\classes started by vdort in C:\Users\vdort\Desktop\proyecto\guessTheAI\backend)
2026-07-30T17:57:18.207+01:00  INFO 29996 --- [human-or-ai] [  restartedMain] c.k.c.CleanSpringBootProjectApplication  : No active profile set, falling back to 1 default profile: "default"
2026-07-30T17:57:18.503+01:00  INFO 29996 --- [human-or-ai] [  restartedMain] o.s.b.w.e.t.TomcatWebServer              : Tomcat initialized with port 8080 (http)
jul 30, 2026 5:57:18 P. M. org.apache.coyote.AbstractProtocol init
INFO: Initializing ProtocolHandler ["http-nio-8080"]
jul 30, 2026 5:57:18 P. M. org.apache.catalina.core.StandardService startInternal
INFO: Starting service [Tomcat]
jul 30, 2026 5:57:18 P. M. org.apache.catalina.core.StandardEngine startInternal
INFO: Starting Servlet engine: [Apache Tomcat/10.1.20]
jul 30, 2026 5:57:18 P. M. org.apache.catalina.core.ApplicationContext log
INFO: Initializing Spring embedded WebApplicationContext
2026-07-30T17:57:18.518+01:00  INFO 29996 --- [human-or-ai] [  restartedMain] w.s.c.ServletWebServerApplicationContext : Root WebApplicationContext: initialization completed in 310 ms
2026-07-30T17:57:18.762+01:00  INFO 29996 --- [human-or-ai] [  restartedMain] o.s.b.d.a.OptionalLiveReloadServer       : LiveReload server is running on port 35729
2026-07-30T17:57:18.767+01:00  INFO 29996 --- [human-or-ai] [  restartedMain] o.s.b.a.e.w.EndpointLinksResolver        : Exposing 1 endpoint(s) beneath base path '/actuator'
jul 30, 2026 5:57:18 P. M. org.apache.coyote.AbstractProtocol start
INFO: Starting ProtocolHandler ["http-nio-8080"]
2026-07-30T17:57:18.785+01:00  INFO 29996 --- [human-or-ai] [  restartedMain] o.s.b.w.e.t.TomcatWebServer              : Tomcat started on port 8080 (http) with context path ''
2026-07-30T17:57:18.786+01:00  INFO 29996 --- [human-or-ai] [  restartedMain] o.s.m.s.b.SimpleBrokerMessageHandler     : Starting...
2026-07-30T17:57:18.786+01:00  INFO 29996 --- [human-or-ai] [  restartedMain] o.s.m.s.b.SimpleBrokerMessageHandler     : BrokerAvailabilityEvent[available=true, SimpleBrokerMessageHandler [org.springframework.messaging.simp.broker.DefaultSubscriptionRegistry@462cf049]]
2026-07-30T17:57:18.787+01:00  INFO 29996 --- [human-or-ai] [  restartedMain] o.s.m.s.b.SimpleBrokerMessageHandler     : Started.
2026-07-30T17:57:18.791+01:00  INFO 29996 --- [human-or-ai] [  restartedMain] c.k.c.CleanSpringBootProjectApplication  : Started CleanSpringBootProjectApplication in 0.614 seconds (process running for 12414.204)
2026-07-30T17:57:18.793+01:00  INFO 29996 --- [human-or-ai] [  restartedMain] .ConditionEvaluationDeltaLoggingListener : Condition evaluation unchanged
2026-07-30T17:58:18.780+01:00  INFO 29996 --- [human-or-ai] [MessageBroker-1] o.s.w.s.c.WebSocketMessageBrokerStats    : WebSocketSession[0 current WS(0)-HttpStream(0)-HttpPoll(0), 0 total, 0 closed abnormally (0 connect failure, 0 send limit, 0 transport error)], stompSubProtocol[processed CONNECT(0)-CONNECTED(0)-DISCONNECT(0)], stompBrokerRelay[null], inboundChannel[pool size = 0, active threads = 0, queued tasks = 0, completed tasks = 0], outboundChannel[pool size = 0, active threads = 0, queued tasks = 0, completed tasks = 0], sockJsScheduler[pool size = 1, active threads = 1, queued tasks = 0, completed tasks = 0]
jul 30, 2026 6:45:14 P. M. org.apache.catalina.core.ApplicationContext log
INFO: Initializing Spring DispatcherServlet 'dispatcherServlet'
2026-07-30T18:45:14.516+01:00  INFO 29996 --- [human-or-ai] [nio-8080-exec-1] o.s.w.s.DispatcherServlet                : Initializing Servlet 'dispatcherServlet'
2026-07-30T18:45:14.553+01:00  INFO 29996 --- [human-or-ai] [nio-8080-exec-1] o.s.w.s.DispatcherServlet                : Completed initialization in 22 ms
2026-07-30T18:45:15.117+01:00  INFO 29996 --- [human-or-ai] [MessageBroker-3] o.s.w.s.c.WebSocketMessageBrokerStats    : WebSocketSession[0 current WS(0)-HttpStream(0)-HttpPoll(0), 0 total, 0 closed abnormally (0 connect failure, 0 send limit, 0 transport error)], stompSubProtocol[processed CONNECT(0)-CONNECTED(0)-DISCONNECT(0)], stompBrokerRelay[null], inboundChannel[pool size = 0, active threads = 0, queued tasks = 0, completed tasks = 0], outboundChannel[pool size = 0, active threads = 0, queued tasks = 0, completed tasks = 0], sockJsScheduler[pool size = 3, active threads = 1, queued tasks = 1, completed tasks = 1]
2026-07-30T19:15:15.125+01:00  INFO 29996 --- [human-or-ai] [essageBroker-13] o.s.w.s.c.WebSocketMessageBrokerStats    : WebSocketSession[0 current WS(0)-HttpStream(0)-HttpPoll(0), 5 total, 0 closed abnormally (0 connect failure, 0 send limit, 0 transport error)], stompSubProtocol[processed CONNECT(5)-CONNECTED(5)-DISCONNECT(5)], stompBrokerRelay[null], inboundChannel[pool size = 0, active threads = 0, queued tasks = 0, completed tasks = 90], outboundChannel[pool size = 0, active threads = 0, queued tasks = 0, completed tasks = 20], sockJsScheduler[pool size = 16, active threads = 1, queued tasks = 1, completed tasks = 363]
2026-07-30T19:45:15.136+01:00  INFO 29996 --- [human-or-ai] [essageBroker-12] o.s.w.s.c.WebSocketMessageBrokerStats    : WebSocketSession[0 current WS(0)-HttpStream(0)-HttpPoll(0), 6 total, 0 closed abnormally (0 connect failure, 0 send limit, 0 transport error)], stompSubProtocol[processed CONNECT(6)-CONNECTED(6)-DISCONNECT(6)], stompBrokerRelay[null], inboundChannel[pool size = 0, active threads = 0, queued tasks = 0, completed tasks = 108], outboundChannel[pool size = 0, active threads = 0, queued tasks = 0, completed tasks = 24], sockJsScheduler[pool size = 16, active threads = 1, queued tasks = 1, completed tasks = 724]
2026-07-30T20:11:55.498+01:00  WARN 29996 --- [human-or-ai] [nio-8080-exec-5] .w.s.m.s.DefaultHandlerExceptionResolver : Resolved [org.springframework.http.converter.HttpMessageNotReadableException: JSON parse error: Cannot deserialize value of type `com.kawser.cleanspringbootproject.game.domain.model.GameLanguage` from String "ES": not one of the values accepted for Enum class: [ENGLISH, SPANISH]]
2026-07-30T20:15:15.155+01:00  INFO 29996 --- [human-or-ai] [MessageBroker-6] o.s.w.s.c.WebSocketMessageBrokerStats    : WebSocketSession[0 current WS(0)-HttpStream(0)-HttpPoll(0), 10 total, 0 closed abnormally (0 connect failure, 0 send limit, 0 transport error)], stompSubProtocol[processed CONNECT(10)-CONNECTED(10)-DISCONNECT(10)], stompBrokerRelay[null], inboundChannel[pool size = 0, active threads = 0, queued tasks = 0, completed tasks = 180], outboundChannel[pool size = 0, active threads = 0, queued tasks = 0, completed tasks = 38], sockJsScheduler[pool size = 16, active threads = 1, queued tasks = 1, completed tasks = 1085]
2026-07-30T22:18:40.174+01:00  INFO 29996 --- [human-or-ai] [essageBroker-13] o.s.w.s.c.WebSocketMessageBrokerStats    : WebSocketSession[0 current WS(0)-HttpStream(0)-HttpPoll(0), 10 total, 0 closed abnormally (0 connect failure, 0 send limit, 0 transport error)], stompSubProtocol[processed CONNECT(10)-CONNECTED(10)-DISCONNECT(10)], stompBrokerRelay[null], inboundChannel[pool size = 0, active threads = 0, queued tasks = 0, completed tasks = 180], outboundChannel[pool size = 0, active threads = 0, queued tasks = 0, completed tasks = 38], sockJsScheduler[pool size = 16, active threads = 2, queued tasks = 0, completed tasks = 1168]
