[INFO] Scanning for projects...
[INFO] 
[INFO] ----------------< com.kawser:clean-spring-boot-project >----------------
[INFO] Building clean-spring-boot-project 0.0.1-SNAPSHOT
[INFO]   from pom.xml
[INFO] --------------------------------[ jar ]---------------------------------
[INFO] 
[INFO] >>> spring-boot:3.2.5:run (default-cli) > test-compile @ clean-spring-boot-project >>>
[INFO] 
[INFO] --- resources:3.3.1:resources (default-resources) @ clean-spring-boot-project ---
[INFO] Copying 1 resource from src\main\resources to target\classes
[INFO] Copying 8 resources from src\main\resources to target\classes
[INFO] 
[INFO] --- compiler:3.11.0:compile (default-compile) @ clean-spring-boot-project ---
[INFO] Nothing to compile - all classes are up to date
[INFO] 
[INFO] --- resources:3.3.1:testResources (default-testResources) @ clean-spring-boot-project ---
[INFO] Copying 1 resource from src\test\resources to target\test-classes
[INFO] 
[INFO] --- compiler:3.11.0:testCompile (default-testCompile) @ clean-spring-boot-project ---
[INFO] Nothing to compile - all classes are up to date
[INFO] 
[INFO] <<< spring-boot:3.2.5:run (default-cli) < test-compile @ clean-spring-boot-project <<<
[INFO] 
[INFO] 
[INFO] --- spring-boot:3.2.5:run (default-cli) @ clean-spring-boot-project ---
[INFO] Attaching agents: []
SLF4J(W): No SLF4J providers were found.
SLF4J(W): Defaulting to no-operation (NOP) logger implementation
SLF4J(W): See https://www.slf4j.org/codes.html#noProviders for further details.
SLF4J(W): Class path contains SLF4J bindings targeting slf4j-api versions 1.7.x or earlier.
SLF4J(W): Ignoring binding found at [jar:file:/C:/Users/vdort/.m2/repository/org/apache/logging/log4j/log4j-slf4j-impl/2.23.1/log4j-slf4j-impl-2.23.1.jar!/org/slf4j/impl/StaticLoggerBinder.class]
SLF4J(W): See https://www.slf4j.org/codes.html#ignoredBindings for an explanation.

  .   ____          _            __ _ _
 /\\ / ___'_ __ _ _(_)_ __  __ _ \ \ \ \
( ( )\___ | '_ | '_| | '_ \/ _` | \ \ \ \
 \\/  ___)| |_)| | | | | || (_| |  ) ) ) )
  '  |____| .__|_| |_|_| |_\__, | / / / /
 =========|_|==============|___/=/_/_/_/
 :: Spring Boot ::                (v3.2.5)

2026-07-31T12:42:38.542+01:00  INFO 25208 --- [human-or-ai] [  restartedMain] c.k.c.CleanSpringBootProjectApplication  : Starting CleanSpringBootProjectApplication using Java 21.0.10 with PID 25208 (C:\Users\vdort\Desktop\proyecto\guessTheAI\backend\target\classes started by vdort in C:\Users\vdort\Desktop\proyecto\guessTheAI\backend)
2026-07-31T12:42:38.549+01:00  INFO 25208 --- [human-or-ai] [  restartedMain] c.k.c.CleanSpringBootProjectApplication  : No active profile set, falling back to 1 default profile: "default"
2026-07-31T12:42:38.592+01:00  INFO 25208 --- [human-or-ai] [  restartedMain] .e.DevToolsPropertyDefaultsPostProcessor : Devtools property defaults active! Set 'spring.devtools.add-properties' to 'false' to disable
2026-07-31T12:42:38.592+01:00  INFO 25208 --- [human-or-ai] [  restartedMain] .e.DevToolsPropertyDefaultsPostProcessor : For additional web related logging consider setting the 'logging.level.web' property to 'DEBUG'
2026-07-31T12:42:40.425+01:00  INFO 25208 --- [human-or-ai] [  restartedMain] o.s.b.w.e.t.TomcatWebServer              : Tomcat initialized with port 8080 (http)
jul 31, 2026 12:42:40 P. M. org.apache.coyote.AbstractProtocol init
INFO: Initializing ProtocolHandler ["http-nio-8080"]
jul 31, 2026 12:42:40 P. M. org.apache.catalina.core.StandardService startInternal
INFO: Starting service [Tomcat]
jul 31, 2026 12:42:40 P. M. org.apache.catalina.core.StandardEngine startInternal
INFO: Starting Servlet engine: [Apache Tomcat/10.1.20]
jul 31, 2026 12:42:40 P. M. org.apache.catalina.core.ApplicationContext log
INFO: Initializing Spring embedded WebApplicationContext
2026-07-31T12:42:40.523+01:00  INFO 25208 --- [human-or-ai] [  restartedMain] w.s.c.ServletWebServerApplicationContext : Root WebApplicationContext: initialization completed in 1929 ms
2026-07-31T12:42:42.079+01:00  WARN 25208 --- [human-or-ai] [  restartedMain] o.s.b.d.a.OptionalLiveReloadServer       : Unable to start LiveReload server
2026-07-31T12:42:42.086+01:00  INFO 25208 --- [human-or-ai] [  restartedMain] o.s.b.a.e.w.EndpointLinksResolver        : Exposing 1 endpoint(s) beneath base path '/actuator'
jul 31, 2026 12:42:42 P. M. org.apache.coyote.AbstractProtocol start
INFO: Starting ProtocolHandler ["http-nio-8080"]
2026-07-31T12:42:42.147+01:00  WARN 25208 --- [human-or-ai] [  restartedMain] ConfigServletWebServerApplicationContext : Exception encountered during context initialization - cancelling refresh attempt: org.springframework.context.ApplicationContextException: Failed to start bean 'webServerStartStop'
jul 31, 2026 12:42:42 P. M. org.apache.catalina.core.StandardService stopInternal
INFO: Stopping service [Tomcat]
2026-07-31T12:42:42.182+01:00  INFO 25208 --- [human-or-ai] [  restartedMain] .s.b.a.l.ConditionEvaluationReportLogger : 

Error starting ApplicationContext. To display the condition evaluation report re-run your application with 'debug' enabled.
2026-07-31T12:42:42.212+01:00 ERROR 25208 --- [human-or-ai] [  restartedMain] o.s.b.d.LoggingFailureAnalysisReporter   : 

***************************
APPLICATION FAILED TO START
***************************

Description:

Web server failed to start. Port 8080 was already in use.

Action:

Identify and stop the process that's listening on port 8080 or configure this application to listen on another port.

[INFO] ------------------------------------------------------------------------
[INFO] BUILD SUCCESS
[INFO] ------------------------------------------------------------------------
[INFO] Total time:  7.756 s
[INFO] Finished at: 2026-07-31T12:42:42+01:00
[INFO] ------------------------------------------------------------------------
